Archive member included to satisfy reference by file (symbol)

c:/rppico~1/armcc/102021~1.10/bin/../lib/gcc/arm-none-eabi/10.3.1/thumb/v6-m/nofp\libgcc.a(_dvmd_tls.o)
                              CMakeFiles/LDR.dir/C_/RPPicoSDK/sdk/pico/pico-sdk/src/rp2_common/pico_divider/divider.S.obj (__aeabi_idiv0)
c:/rppico~1/armcc/102021~1.10/bin/../lib/gcc/arm-none-eabi/10.3.1/../../../../arm-none-eabi/lib/thumb/v6-m/nofp\libc.a(lib_a-calloc.o)
                              CMakeFiles/LDR.dir/C_/RPPicoSDK/sdk/pico/pico-sdk/src/rp2_common/pico_malloc/pico_malloc.c.obj (calloc)
c:/rppico~1/armcc/102021~1.10/bin/../lib/gcc/arm-none-eabi/10.3.1/../../../../arm-none-eabi/lib/thumb/v6-m/nofp\libc.a(lib_a-callocr.o)
                              c:/rppico~1/armcc/102021~1.10/bin/../lib/gcc/arm-none-eabi/10.3.1/../../../../arm-none-eabi/lib/thumb/v6-m/nofp\libc.a(lib_a-calloc.o) (_calloc_r)
c:/rppico~1/armcc/102021~1.10/bin/../lib/gcc/arm-none-eabi/10.3.1/../../../../arm-none-eabi/lib/thumb/v6-m/nofp\libc.a(lib_a-errno.o)
                              c:/rppico~1/armcc/102021~1.10/bin/../lib/gcc/arm-none-eabi/10.3.1/../../../../arm-none-eabi/lib/thumb/v6-m/nofp\libc.a(lib_a-callocr.o) (__errno)
c:/rppico~1/armcc/102021~1.10/bin/../lib/gcc/arm-none-eabi/10.3.1/../../../../arm-none-eabi/lib/thumb/v6-m/nofp\libc.a(lib_a-impure.o)
                              c:/rppico~1/armcc/102021~1.10/bin/../lib/gcc/arm-none-eabi/10.3.1/../../../../arm-none-eabi/lib/thumb/v6-m/nofp\libc.a(lib_a-calloc.o) (_impure_ptr)
c:/rppico~1/armcc/102021~1.10/bin/../lib/gcc/arm-none-eabi/10.3.1/../../../../arm-none-eabi/lib/thumb/v6-m/nofp\libc.a(lib_a-init.o)
                              c:/rppico~1/armcc/102021~1.10/bin/../lib/gcc/arm-none-eabi/10.3.1/../../../../arm-none-eabi/lib/thumb/v6-m/nofp/crt0.o (__libc_init_array)
c:/rppico~1/armcc/102021~1.10/bin/../lib/gcc/arm-none-eabi/10.3.1/../../../../arm-none-eabi/lib/thumb/v6-m/nofp\libc.a(lib_a-malloc.o)
                              CMakeFiles/LDR.dir/C_/RPPicoSDK/sdk/pico/pico-sdk/src/rp2_common/pico_malloc/pico_malloc.c.obj (malloc)
c:/rppico~1/armcc/102021~1.10/bin/../lib/gcc/arm-none-eabi/10.3.1/../../../../arm-none-eabi/lib/thumb/v6-m/nofp\libc.a(lib_a-mallocr.o)
                              c:/rppico~1/armcc/102021~1.10/bin/../lib/gcc/arm-none-eabi/10.3.1/../../../../arm-none-eabi/lib/thumb/v6-m/nofp\libc.a(lib_a-callocr.o) (_malloc_r)
c:/rppico~1/armcc/102021~1.10/bin/../lib/gcc/arm-none-eabi/10.3.1/../../../../arm-none-eabi/lib/thumb/v6-m/nofp\libc.a(lib_a-mlock.o)
                              c:/rppico~1/armcc/102021~1.10/bin/../lib/gcc/arm-none-eabi/10.3.1/../../../../arm-none-eabi/lib/thumb/v6-m/nofp\libc.a(lib_a-mallocr.o) (__malloc_lock)
c:/rppico~1/armcc/102021~1.10/bin/../lib/gcc/arm-none-eabi/10.3.1/../../../../arm-none-eabi/lib/thumb/v6-m/nofp\libc.a(lib_a-sbrkr.o)
                              c:/rppico~1/armcc/102021~1.10/bin/../lib/gcc/arm-none-eabi/10.3.1/../../../../arm-none-eabi/lib/thumb/v6-m/nofp\libc.a(lib_a-mallocr.o) (_sbrk_r)
c:/rppico~1/armcc/102021~1.10/bin/../lib/gcc/arm-none-eabi/10.3.1/../../../../arm-none-eabi/lib/thumb/v6-m/nofp\libc.a(lib_a-strlen-stub.o)
                              CMakeFiles/LDR.dir/C_/RPPicoSDK/sdk/pico/pico-sdk/src/rp2_common/pico_stdio/stdio.c.obj (strlen)
c:/rppico~1/armcc/102021~1.10/bin/../lib/gcc/arm-none-eabi/10.3.1/../../../../arm-none-eabi/lib/thumb/v6-m/nofp\libc.a(lib_a-freer.o)
                              c:/rppico~1/armcc/102021~1.10/bin/../lib/gcc/arm-none-eabi/10.3.1/../../../../arm-none-eabi/lib/thumb/v6-m/nofp\libc.a(lib_a-malloc.o) (_free_r)
c:/rppico~1/armcc/102021~1.10/bin/../lib/gcc/arm-none-eabi/10.3.1/../../../../arm-none-eabi/lib/thumb/v6-m/nofp\libc.a(lib_a-lock.o)
                              c:/rppico~1/armcc/102021~1.10/bin/../lib/gcc/arm-none-eabi/10.3.1/../../../../arm-none-eabi/lib/thumb/v6-m/nofp\libc.a(lib_a-mlock.o) (__retarget_lock_acquire_recursive)
c:/rppico~1/armcc/102021~1.10/bin/../lib/gcc/arm-none-eabi/10.3.1/../../../../arm-none-eabi/lib/thumb/v6-m/nofp\libc.a(lib_a-reent.o)
                              c:/rppico~1/armcc/102021~1.10/bin/../lib/gcc/arm-none-eabi/10.3.1/../../../../arm-none-eabi/lib/thumb/v6-m/nofp\libc.a(lib_a-sbrkr.o) (errno)

Discarded input sections

 .text          0x00000000        0x0 c:/rppico~1/armcc/102021~1.10/bin/../lib/gcc/arm-none-eabi/10.3.1/thumb/v6-m/nofp/crti.o
 .data          0x00000000        0x0 c:/rppico~1/armcc/102021~1.10/bin/../lib/gcc/arm-none-eabi/10.3.1/thumb/v6-m/nofp/crti.o
 .bss           0x00000000        0x0 c:/rppico~1/armcc/102021~1.10/bin/../lib/gcc/arm-none-eabi/10.3.1/thumb/v6-m/nofp/crti.o
 .data          0x00000000        0x4 c:/rppico~1/armcc/102021~1.10/bin/../lib/gcc/arm-none-eabi/10.3.1/thumb/v6-m/nofp/crtbegin.o
 .rodata        0x00000000       0x24 c:/rppico~1/armcc/102021~1.10/bin/../lib/gcc/arm-none-eabi/10.3.1/thumb/v6-m/nofp/crtbegin.o
[...]
Memory Configuration

Name             Origin             Length             Attributes
FLASH            0x10000000         0x00200000         xr
RAM              0x20000000         0x00040000         xrw
SCRATCH_X        0x20040000         0x00001000         xrw
SCRATCH_Y        0x20041000         0x00001000         xrw
*default*        0x00000000         0xffffffff

Linker script and memory map

LOAD c:/rppico~1/armcc/102021~1.10/bin/../lib/gcc/arm-none-eabi/10.3.1/thumb/v6-m/nofp/crti.o
LOAD c:/rppico~1/armcc/102021~1.10/bin/../lib/gcc/arm-none-eabi/10.3.1/thumb/v6-m/nofp/crtbegin.o
LOAD c:/rppico~1/armcc/102021~1.10/bin/../lib/gcc/arm-none-eabi/10.3.1/../../../../arm-none-eabi/lib/thumb/v6-m/nofp/crt0.o

.flash_begin    0x10000000        0x0
                0x10000000                __flash_binary_start = .

.boot2          0x10000000      0x100
                0x10000000                __boot2_start__ = .
 *(.boot2)
 .boot2         0x10000000      0x100 C:\Users\USER\AppData\Local\Temp\cc0v5hTH.o
                0x10000100                __boot2_end__ = .
                0x00000001                ASSERT (((__boot2_end__ - __boot2_start__) == 0x100), ERROR: Pico second stage bootloader must be 256 bytes in size)

.text           0x10000100     0x6f10
                0x10000100                __logical_binary_start = .
 *(.vectors)
 .vectors       0x10000100       0xd4 CMakeFiles/LDR.dir/C_/RPPicoSDK/sdk/pico/pico-sdk/src/rp2_common/pico_standard_link/crt0.S.obj
                0x10000100                __VECTOR_TABLE
                0x10000100                __vectors
                0x100001c0                isr_invalid
                0x100001c0                __default_isrs_start
                0x100001c2                isr_nmi
                0x100001c4                isr_hardfault
                0x100001c6                isr_svcall
                0x100001c8                isr_pendsv
                0x100001ca                isr_systick
                0x100001cc                isr_irq23
                0x100001cc                isr_irq18
                0x100001cc                isr_irq11
                0x100001cc                isr_irq28
                0x100001cc                isr_irq19
                0x100001cc                isr_irq0
                0x100001cc                isr_irq6
                0x100001cc                isr_irq5
                0x100001cc                isr_irq12
                0x100001cc                isr_irq22
                0x100001cc                isr_irq31
                0x100001cc                isr_irq17
                0x100001cc                isr_irq27
                0x100001cc                isr_irq30
                0x100001cc                isr_irq2
                0x100001cc                isr_irq10
                0x100001cc                isr_irq8
                0x100001cc                isr_irq24
                0x100001cc                isr_irq1
                0x100001cc                isr_irq7
                0x100001cc                isr_irq21
                0x100001cc                isr_irq20
                0x100001cc                isr_irq15
                0x100001cc                isr_irq25
                0x100001cc                isr_irq13
                0x100001cc                __unhandled_user_irq
                0x100001cc                isr_irq4
                0x100001cc                isr_irq16
                0x100001cc                isr_irq29
                0x100001cc                isr_irq26
                0x100001cc                __default_isrs_end
                0x100001cc                isr_irq3
                0x100001cc                isr_irq14
                0x100001cc                isr_irq9
                0x100001d2                unhandled_user_irq_num_in_r0
 *(.binary_info_header)
 .binary_info_header
                0x100001d4       0x14 CMakeFiles/LDR.dir/C_/RPPicoSDK/sdk/pico/pico-sdk/src/rp2_common/pico_standard_link/crt0.S.obj
                0x100001e8                __binary_info_header_end = .
 *(.reset)
 .reset         0x100001e8       0xa8 CMakeFiles/LDR.dir/C_/RPPicoSDK/sdk/pico/pico-sdk/src/rp2_common/pico_standard_link/crt0.S.obj
                0x100001e8                _entry_point
                0x10000266                __get_current_exception
 .reset         0x10000290       0x30 CMakeFiles/LDR.dir/C_/RPPicoSDK/sdk/pico/pico-sdk/src/rp2_common/pico_standard_link/binary_info.c.obj
 *(.init)
 .init          0x100002c0        0x4 c:/rppico~1/armcc/102021~1.10/bin/../lib/gcc/arm-none-eabi/10.3.1/thumb/v6-m/nofp/crti.o
                0x100002c0                _init
 *(EXCLUDE_FILE(*libm.a: *libc.a:*lib_a-mem*.o *libgcc.a:) .text*)
 .text          0x100002c4       0x48 c:/rppico~1/armcc/102021~1.10/bin/../lib/gcc/arm-none-eabi/10.3.1/thumb/v6-m/nofp/crtbegin.o
 .text.startup.main
                0x1000030c       0xd0 CMakeFiles/LDR.dir/LDR.c.obj
                0x1000030c                main
 .text.gpio_set_function
                0x100003dc       0x30 CMakeFiles/LDR.dir/C_/RPPicoSDK/sdk/pico/pico-sdk/src/rp2_common/hardware_gpio/gpio.c.obj
                0x100003dc                gpio_set_function
 .text.gpio_set_pulls
                0x1000040c       0x30 CMakeFiles/LDR.dir/C_/RPPicoSDK/sdk/pico/pico-sdk/src/rp2_common/hardware_gpio/gpio.c.obj
                0x1000040c                gpio_set_pulls
 .text.gpio_set_input_enabled
                0x1000043c       0x28 CMakeFiles/LDR.dir/C_/RPPicoSDK/sdk/pico/pico-sdk/src/rp2_common/hardware_gpio/gpio.c.obj
                0x1000043c                gpio_set_input_enabled
 .text.hw_claim_or_assert
                0x10000464       0x44 CMakeFiles/LDR.dir/C_/RPPicoSDK/sdk/pico/pico-sdk/src/rp2_common/hardware_claim/claim.c.obj
                0x10000464                hw_claim_or_assert
 .text.hw_claim_unused_from_range
                0x100004a8       0x9c CMakeFiles/LDR.dir/C_/RPPicoSDK/sdk/pico/pico-sdk/src/rp2_common/hardware_claim/claim.c.obj
                0x100004a8                hw_claim_unused_from_range
 .text.running_on_fpga
                0x10000544       0x10 CMakeFiles/LDR.dir/C_/RPPicoSDK/sdk/pico/pico-sdk/src/rp2_common/pico_platform/platform.c.obj
                0x10000544                running_on_fpga
 .text.spin_locks_reset
                0x10000554       0x1c CMakeFiles/LDR.dir/C_/RPPicoSDK/sdk/pico/pico-sdk/src/rp2_common/hardware_sync/sync.c.obj
                0x10000554                spin_locks_reset
 .text.next_striped_spin_lock_num
                0x10000570       0x18 CMakeFiles/LDR.dir/C_/RPPicoSDK/sdk/pico/pico-sdk/src/rp2_common/hardware_sync/sync.c.obj
                0x10000570                next_striped_spin_lock_num
 .text.spin_lock_claim_unused
                0x10000588       0x20 CMakeFiles/LDR.dir/C_/RPPicoSDK/sdk/pico/pico-sdk/src/rp2_common/hardware_sync/sync.c.obj
                0x10000588                spin_lock_claim_unused
 .text.timer_pool_entry_comparator
                0x100005a8       0x34 CMakeFiles/LDR.dir/C_/RPPicoSDK/sdk/pico/pico-sdk/src/common/pico_time/time.c.obj
                0x100005a8                timer_pool_entry_comparator
 .text.sleep_until_callback
                0x100005dc       0x30 CMakeFiles/LDR.dir/C_/RPPicoSDK/sdk/pico/pico-sdk/src/common/pico_time/time.c.obj
 .text.add_alarm_under_lock.isra.0
                0x1000060c      0x100 CMakeFiles/LDR.dir/C_/RPPicoSDK/sdk/pico/pico-sdk/src/common/pico_time/time.c.obj
 .text.alarm_pool_alarm_callback
                0x1000070c      0x1c8 CMakeFiles/LDR.dir/C_/RPPicoSDK/sdk/pico/pico-sdk/src/common/pico_time/time.c.obj
 .text.alarm_pool_add_alarm_at.constprop.0
                0x100008d4      0x11c CMakeFiles/LDR.dir/C_/RPPicoSDK/sdk/pico/pico-sdk/src/common/pico_time/time.c.obj
 .text.alarm_pool_init_default
                0x100009f0       0x64 CMakeFiles/LDR.dir/C_/RPPicoSDK/sdk/pico/pico-sdk/src/common/pico_time/time.c.obj
                0x100009f0                alarm_pool_init_default
 .text.alarm_pool_get_default
                0x10000a54        0x8 CMakeFiles/LDR.dir/C_/RPPicoSDK/sdk/pico/pico-sdk/src/common/pico_time/time.c.obj
                0x10000a54                alarm_pool_get_default
 .text.alarm_pool_add_alarm_at
                0x10000a5c      0x194 CMakeFiles/LDR.dir/C_/RPPicoSDK/sdk/pico/pico-sdk/src/common/pico_time/time.c.obj
                0x10000a5c                alarm_pool_add_alarm_at
 .text.sleep_until
                0x10000bf0       0xac CMakeFiles/LDR.dir/C_/RPPicoSDK/sdk/pico/pico-sdk/src/common/pico_time/time.c.obj
                0x10000bf0                sleep_until
 .text.sleep_ms
                0x10000c9c       0x38 CMakeFiles/LDR.dir/C_/RPPicoSDK/sdk/pico/pico-sdk/src/common/pico_time/time.c.obj
                0x10000c9c                sleep_ms
 .text.best_effort_wfe_or_timeout
                0x10000cd4       0xd4 CMakeFiles/LDR.dir/C_/RPPicoSDK/sdk/pico/pico-sdk/src/common/pico_time/time.c.obj
                0x10000cd4                best_effort_wfe_or_timeout
 .text.hardware_alarm_irq_handler
                0x10000da8       0xb8 CMakeFiles/LDR.dir/C_/RPPicoSDK/sdk/pico/pico-sdk/src/rp2_common/hardware_timer/timer.c.obj
 .text.hardware_alarm_claim
                0x10000e60       0x18 CMakeFiles/LDR.dir/C_/RPPicoSDK/sdk/pico/pico-sdk/src/rp2_common/hardware_timer/timer.c.obj
                0x10000e60                hardware_alarm_claim
 .text.time_us_64
                0x10000e78       0x14 CMakeFiles/LDR.dir/C_/RPPicoSDK/sdk/pico/pico-sdk/src/rp2_common/hardware_timer/timer.c.obj
                0x10000e78                time_us_64
 .text.busy_wait_until
                0x10000e8c       0x20 CMakeFiles/LDR.dir/C_/RPPicoSDK/sdk/pico/pico-sdk/src/rp2_common/hardware_timer/timer.c.obj
                0x10000e8c                busy_wait_until
 .text.hardware_alarm_set_callback
                0x10000eac       0x8c CMakeFiles/LDR.dir/C_/RPPicoSDK/sdk/pico/pico-sdk/src/rp2_common/hardware_timer/timer.c.obj
                0x10000eac                hardware_alarm_set_callback
 .text.hardware_alarm_set_target
                0x10000f38       0xe0 CMakeFiles/LDR.dir/C_/RPPicoSDK/sdk/pico/pico-sdk/src/rp2_common/hardware_timer/timer.c.obj
                0x10000f38                hardware_alarm_set_target
 .text.hardware_alarm_cancel
                0x10001018       0x3c CMakeFiles/LDR.dir/C_/RPPicoSDK/sdk/pico/pico-sdk/src/rp2_common/hardware_timer/timer.c.obj
                0x10001018                hardware_alarm_cancel
 .text.lock_init
                0x10001054       0x10 CMakeFiles/LDR.dir/C_/RPPicoSDK/sdk/pico/pico-sdk/src/common/pico_sync/lock_core.c.obj
                0x10001054                lock_init
 .text.mutex_init
                0x10001064       0x1c CMakeFiles/LDR.dir/C_/RPPicoSDK/sdk/pico/pico-sdk/src/common/pico_sync/mutex.c.obj
                0x10001064                mutex_init
 .text.recursive_mutex_init
                0x10001080       0x1c CMakeFiles/LDR.dir/C_/RPPicoSDK/sdk/pico/pico-sdk/src/common/pico_sync/mutex.c.obj
                0x10001080                recursive_mutex_init
 .text.critical_section_init
                0x1000109c       0x20 CMakeFiles/LDR.dir/C_/RPPicoSDK/sdk/pico/pico-sdk/src/common/pico_sync/critical_section.c.obj
                0x1000109c                critical_section_init
 .text.ph_merge_nodes
                0x100010bc       0x68 CMakeFiles/LDR.dir/C_/RPPicoSDK/sdk/pico/pico-sdk/src/common/pico_util/pheap.c.obj
 .text.ph_post_alloc_init
                0x10001124       0x3c CMakeFiles/LDR.dir/C_/RPPicoSDK/sdk/pico/pico-sdk/src/common/pico_util/pheap.c.obj
                0x10001124                ph_post_alloc_init
 .text.ph_merge_two_pass
                0x10001160       0x90 CMakeFiles/LDR.dir/C_/RPPicoSDK/sdk/pico/pico-sdk/src/common/pico_util/pheap.c.obj
                0x10001160                ph_merge_two_pass
 .text.ph_remove_any_head
                0x100011f0       0xf8 CMakeFiles/LDR.dir/C_/RPPicoSDK/sdk/pico/pico-sdk/src/common/pico_util/pheap.c.obj
 .text.ph_remove_head
                0x100012e8       0xfc CMakeFiles/LDR.dir/C_/RPPicoSDK/sdk/pico/pico-sdk/src/common/pico_util/pheap.c.obj
                0x100012e8                ph_remove_head
 .text.ph_remove_and_free_node
                0x100013e4       0x7c CMakeFiles/LDR.dir/C_/RPPicoSDK/sdk/pico/pico-sdk/src/common/pico_util/pheap.c.obj
                0x100013e4                ph_remove_and_free_node
 .text.runtime_init
                0x10001460       0xf0 CMakeFiles/LDR.dir/C_/RPPicoSDK/sdk/pico/pico-sdk/src/rp2_common/pico_runtime/runtime.c.obj
                0x10001460                runtime_init
 .text.exit     0x10001550        0x4 CMakeFiles/LDR.dir/C_/RPPicoSDK/sdk/pico/pico-sdk/src/rp2_common/pico_runtime/runtime.c.obj
                0x10001550                exit
 .text.panic    0x10001554       0x30 CMakeFiles/LDR.dir/C_/RPPicoSDK/sdk/pico/pico-sdk/src/rp2_common/pico_runtime/runtime.c.obj
                0x10001554                panic
 .text.hard_assertion_failure
                0x10001584        0xc CMakeFiles/LDR.dir/C_/RPPicoSDK/sdk/pico/pico-sdk/src/rp2_common/pico_runtime/runtime.c.obj
                0x10001584                hard_assertion_failure
 .text.clocks_init
                0x10001590      0x2bc CMakeFiles/LDR.dir/C_/RPPicoSDK/sdk/pico/pico-sdk/src/rp2_common/hardware_clocks/clocks.c.obj
                0x10001590                clocks_init
 .text.irq_set_enabled
                0x1000184c       0x24 CMakeFiles/LDR.dir/C_/RPPicoSDK/sdk/pico/pico-sdk/src/rp2_common/hardware_irq/irq.c.obj
                0x1000184c                irq_set_enabled
 .text.irq_set_pending
                0x10001870       0x10 CMakeFiles/LDR.dir/C_/RPPicoSDK/sdk/pico/pico-sdk/src/rp2_common/hardware_irq/irq.c.obj
                0x10001870                irq_set_pending
 .text.irq_get_vtable_handler
                0x10001880       0x10 CMakeFiles/LDR.dir/C_/RPPicoSDK/sdk/pico/pico-sdk/src/rp2_common/hardware_irq/irq.c.obj
                0x10001880                irq_get_vtable_handler
 .text.irq_set_exclusive_handler
                0x10001890       0x54 CMakeFiles/LDR.dir/C_/RPPicoSDK/sdk/pico/pico-sdk/src/rp2_common/hardware_irq/irq.c.obj
                0x10001890                irq_set_exclusive_handler
 .text.irq_remove_handler
                0x100018e4      0x1b4 CMakeFiles/LDR.dir/C_/RPPicoSDK/sdk/pico/pico-sdk/src/rp2_common/hardware_irq/irq.c.obj
                0x100018e4                irq_remove_handler
 .text.irq_add_tail_to_free_list
                0x10001a98       0xb4 CMakeFiles/LDR.dir/C_/RPPicoSDK/sdk/pico/pico-sdk/src/rp2_common/hardware_irq/irq.c.obj
                0x10001a98                irq_add_tail_to_free_list
 .text.irq_init_priorities
                0x10001b4c       0x24 CMakeFiles/LDR.dir/C_/RPPicoSDK/sdk/pico/pico-sdk/src/rp2_common/hardware_irq/irq.c.obj
                0x10001b4c                irq_init_priorities
 .text.pll_init
                0x10001b70       0xa8 CMakeFiles/LDR.dir/C_/RPPicoSDK/sdk/pico/pico-sdk/src/rp2_common/hardware_pll/pll.c.obj
                0x10001b70                pll_init
 .text.watchdog_start_tick
                0x10001c18       0x10 CMakeFiles/LDR.dir/C_/RPPicoSDK/sdk/pico/pico-sdk/src/rp2_common/hardware_watchdog/watchdog.c.obj
                0x10001c18                watchdog_start_tick
 .text.watchdog_reboot
                0x10001c28       0x98 CMakeFiles/LDR.dir/C_/RPPicoSDK/sdk/pico/pico-sdk/src/rp2_common/hardware_watchdog/watchdog.c.obj
                0x10001c28                watchdog_reboot
 .text.xosc_init
                0x10001cc0       0x28 CMakeFiles/LDR.dir/C_/RPPicoSDK/sdk/pico/pico-sdk/src/rp2_common/hardware_xosc/xosc.c.obj
                0x10001cc0                xosc_init
 .text._out_null
                0x10001ce8        0x4 CMakeFiles/LDR.dir/C_/RPPicoSDK/sdk/pico/pico-sdk/src/rp2_common/pico_printf/printf.c.obj
 .text._out_rev
                0x10001cec       0x9c CMakeFiles/LDR.dir/C_/RPPicoSDK/sdk/pico/pico-sdk/src/rp2_common/pico_printf/printf.c.obj
 .text._ntoa_format
                0x10001d88      0x1cc CMakeFiles/LDR.dir/C_/RPPicoSDK/sdk/pico/pico-sdk/src/rp2_common/pico_printf/printf.c.obj
 .text._out_char
                0x10001f54       0x10 CMakeFiles/LDR.dir/C_/RPPicoSDK/sdk/pico/pico-sdk/src/rp2_common/pico_printf/printf.c.obj
 .text._out_fct
                0x10001f64       0x10 CMakeFiles/LDR.dir/C_/RPPicoSDK/sdk/pico/pico-sdk/src/rp2_common/pico_printf/printf.c.obj
 .text._etoa    0x10001f74      0x44c CMakeFiles/LDR.dir/C_/RPPicoSDK/sdk/pico/pico-sdk/src/rp2_common/pico_printf/printf.c.obj
 .text._ftoa    0x100023c0      0x398 CMakeFiles/LDR.dir/C_/RPPicoSDK/sdk/pico/pico-sdk/src/rp2_common/pico_printf/printf.c.obj
 .text._vsnprintf
                0x10002758      0xb04 CMakeFiles/LDR.dir/C_/RPPicoSDK/sdk/pico/pico-sdk/src/rp2_common/pico_printf/printf.c.obj
 .text.vfctprintf
                0x1000325c       0x20 CMakeFiles/LDR.dir/C_/RPPicoSDK/sdk/pico/pico-sdk/src/rp2_common/pico_printf/printf.c.obj
                0x1000325c                vfctprintf
 .text.weak_raw_vprintf
                0x1000327c       0x30 CMakeFiles/LDR.dir/C_/RPPicoSDK/sdk/pico/pico-sdk/src/rp2_common/pico_printf/printf.c.obj
                0x1000327c                weak_raw_vprintf
 .text          0x100032ac       0x10 CMakeFiles/LDR.dir/C_/RPPicoSDK/sdk/pico/pico-sdk/src/rp2_common/pico_bit_ops/bit_ops_aeabi.S.obj
 .text.rom_func_lookup
                0x100032bc       0x10 CMakeFiles/LDR.dir/C_/RPPicoSDK/sdk/pico/pico-sdk/src/rp2_common/pico_bootrom/bootrom.c.obj
                0x100032bc                rom_func_lookup
 .text.rom_data_lookup
                0x100032cc       0x10 CMakeFiles/LDR.dir/C_/RPPicoSDK/sdk/pico/pico-sdk/src/rp2_common/pico_bootrom/bootrom.c.obj
                0x100032cc                rom_data_lookup
 .text.rom_funcs_lookup
                0x100032dc       0x44 CMakeFiles/LDR.dir/C_/RPPicoSDK/sdk/pico/pico-sdk/src/rp2_common/pico_bootrom/bootrom.c.obj
                0x100032dc                rom_funcs_lookup
 .text.__wrap___aeabi_idiv
                0x10003320       0x50 CMakeFiles/LDR.dir/C_/RPPicoSDK/sdk/pico/pico-sdk/src/rp2_common/pico_divider/divider.S.obj
                0x10003320                __wrap___aeabi_idivmod
                0x10003320                divmod_s32s32
                0x10003320                div_s32s32
                0x10003320                __wrap___aeabi_idiv
                0x10003328                divmod_s32s32_unsafe
                0x10003354                divmod_s32s32_savestate
 .text.__wrap___aeabi_uidiv
                0x10003370       0x4c CMakeFiles/LDR.dir/C_/RPPicoSDK/sdk/pico/pico-sdk/src/rp2_common/pico_divider/divider.S.obj
                0x10003370                __wrap___aeabi_uidiv
                0x10003370                __wrap___aeabi_uidivmod
                0x10003370                div_u32u32
                0x10003370                divmod_u32u32
                0x10003378                divmod_u32u32_unsafe
                0x100033a0                divmod_u32u32_savestate
 .text.__wrap___aeabi_ldiv
                0x100033bc      0x434 CMakeFiles/LDR.dir/C_/RPPicoSDK/sdk/pico/pico-sdk/src/rp2_common/pico_divider/divider.S.obj
                0x100033bc                div_s64s64
                0x100033bc                divmod_s64s64
                0x100033bc                __wrap___aeabi_ldivmod
                0x100033f4                divmod_u64u64
                0x100033f4                div_u64u64
                0x100033f4                __wrap___aeabi_uldivmod
                0x10003404                divmod_u64u64_savestate
                0x1000342c                divmod_s64s64_unsafe
                0x100034b4                divmod_u64u64_unsafe
 .text.__wrap___aeabi_darithmetic
                0x100037f0       0x80 CMakeFiles/LDR.dir/C_/RPPicoSDK/sdk/pico/pico-sdk/src/rp2_common/pico_double/double_aeabi.S.obj
                0x100037f0                __wrap___aeabi_drsub
                0x100037f6                __wrap___aeabi_dsub
                0x10003808                __wrap___aeabi_dadd
                0x1000381a                __wrap___aeabi_ddiv
                0x10003856                __wrap___aeabi_dmul
 .text.__wrap___aeabi_cdcmple
                0x10003870       0x6c CMakeFiles/LDR.dir/C_/RPPicoSDK/sdk/pico/pico-sdk/src/rp2_common/pico_double/double_aeabi.S.obj
                0x10003870                __wrap___aeabi_cdrcmple
                0x10003880                __wrap___aeabi_cdcmpeq
                0x10003880                __wrap___aeabi_cdcmple
 .text.__wrap___aeabi_dcmplt
                0x100038dc        0xc CMakeFiles/LDR.dir/C_/RPPicoSDK/sdk/pico/pico-sdk/src/rp2_common/pico_double/double_aeabi.S.obj
                0x100038dc                __wrap___aeabi_dcmplt
 .text.__wrap___aeabi_dcmple
                0x100038e8       0x10 CMakeFiles/LDR.dir/C_/RPPicoSDK/sdk/pico/pico-sdk/src/rp2_common/pico_double/double_aeabi.S.obj
                0x100038e8                __wrap___aeabi_dcmple
 .text.__wrap___aeabi_dcmpge
                0x100038f8       0x10 CMakeFiles/LDR.dir/C_/RPPicoSDK/sdk/pico/pico-sdk/src/rp2_common/pico_double/double_aeabi.S.obj
                0x100038f8                __wrap___aeabi_dcmpge
 .text.__wrap___aeabi_dcmpgt
                0x10003908        0xa CMakeFiles/LDR.dir/C_/RPPicoSDK/sdk/pico/pico-sdk/src/rp2_common/pico_double/double_aeabi.S.obj
                0x10003908                __wrap___aeabi_dcmpgt
 .text.__wrap___aeabi_dcmpun
                0x10003912       0x1c CMakeFiles/LDR.dir/C_/RPPicoSDK/sdk/pico/pico-sdk/src/rp2_common/pico_double/double_aeabi.S.obj
                0x10003912                __wrap___aeabi_dcmpun
 *fill*         0x1000392e        0x2 
 .text.__wrap___aeabi_i2d
                0x10003930       0x38 CMakeFiles/LDR.dir/C_/RPPicoSDK/sdk/pico/pico-sdk/src/rp2_common/pico_double/double_aeabi.S.obj
                0x10003930                __wrap___aeabi_ui2d
                0x10003938                __wrap___aeabi_i2d
 .text.__wrap___aeabi_d2iz
                0x10003968       0x48 CMakeFiles/LDR.dir/C_/RPPicoSDK/sdk/pico/pico-sdk/src/rp2_common/pico_double/double_aeabi.S.obj
                0x10003968                double2int_z
                0x10003968                __wrap___aeabi_d2iz
 .text.__wrap___aeabi_d2uiz
                0x100039b0       0x18 CMakeFiles/LDR.dir/C_/RPPicoSDK/sdk/pico/pico-sdk/src/rp2_common/pico_double/double_aeabi.S.obj
                0x100039b0                __wrap___aeabi_d2uiz
                0x100039b0                double2uint
 .text.__aeabi_double_init
                0x100039c8       0x94 CMakeFiles/LDR.dir/C_/RPPicoSDK/sdk/pico/pico-sdk/src/rp2_common/pico_double/double_init_rom.c.obj
                0x100039c8                __aeabi_double_init
 .text.double_table_shim_on_use_helper
                0x10003a5c       0x2c CMakeFiles/LDR.dir/C_/RPPicoSDK/sdk/pico/pico-sdk/src/rp2_common/pico_double/double_v1_rom_shim.S.obj
                0x10003a5c                double_table_shim_on_use_helper
 .text.__wrap___aeabi_dsub
                0x10003a88       0x10 CMakeFiles/LDR.dir/C_/RPPicoSDK/sdk/pico/pico-sdk/src/rp2_common/pico_double/double_v1_rom_shim.S.obj
                0x10003a88                drsub_shim
                0x10003a8e                dsub_shim
 .text.dadd_shim
                0x10003a98      0x15c CMakeFiles/LDR.dir/C_/RPPicoSDK/sdk/pico/pico-sdk/src/rp2_common/pico_double/double_v1_rom_shim.S.obj
                0x10003a98                dadd_shim
 .text.dmul_shim
                0x10003bf4      0x15c CMakeFiles/LDR.dir/C_/RPPicoSDK/sdk/pico/pico-sdk/src/rp2_common/pico_double/double_v1_rom_shim.S.obj
                0x10003bf4                dmul_shim
 .text.ddiv_shim
                0x10003d50      0x1b0 CMakeFiles/LDR.dir/C_/RPPicoSDK/sdk/pico/pico-sdk/src/rp2_common/pico_double/double_v1_rom_shim.S.obj
                0x10003d50                ddiv_shim
 .text.double2uint_shim
                0x10003f00        0xe CMakeFiles/LDR.dir/C_/RPPicoSDK/sdk/pico/pico-sdk/src/rp2_common/pico_double/double_v1_rom_shim.S.obj
                0x10003f00                double2uint_shim
                0x10003f02                double2ufix_shim
 *fill*         0x10003f0e        0x2 
 .text.double2uint64_shim
                0x10003f10       0x70 CMakeFiles/LDR.dir/C_/RPPicoSDK/sdk/pico/pico-sdk/src/rp2_common/pico_double/double_v1_rom_shim.S.obj
                0x10003f10                double2uint64_shim
                0x10003f12                double2ufix64_shim
                0x10003f32                d2fix_a
 .text.dunpacks
                0x10003f80       0x3c CMakeFiles/LDR.dir/C_/RPPicoSDK/sdk/pico/pico-sdk/src/rp2_common/pico_double/double_v1_rom_shim.S.obj
                0x10003f80                dunpacks
 .text.__aeabi_lmul
                0x10003fbc       0x32 CMakeFiles/LDR.dir/C_/RPPicoSDK/sdk/pico/pico-sdk/src/rp2_common/pico_int64_ops/pico_int64_ops_aeabi.S.obj
                0x10003fbc                __wrap___aeabi_lmul
 *fill*         0x10003fee        0x2 
 .text.__wrap___aeabi_farithmetic
                0x10003ff0       0x48 CMakeFiles/LDR.dir/C_/RPPicoSDK/sdk/pico/pico-sdk/src/rp2_common/pico_float/float_aeabi.S.obj
                0x10003ff0                __wrap___aeabi_frsub
                0x10003ff6                __wrap___aeabi_fsub
                0x10003ffc                __wrap___aeabi_fadd
                0x10004002                __wrap___aeabi_fdiv
                0x1000402a                __wrap___aeabi_fmul
 .text.__wrap___aeabi_i2f
                0x10004038       0x44 CMakeFiles/LDR.dir/C_/RPPicoSDK/sdk/pico/pico-sdk/src/rp2_common/pico_float/float_aeabi.S.obj
                0x10004038                __wrap___aeabi_i2f
 .text.__wrap___aeabi_f2d
                0x1000407c       0x14 CMakeFiles/LDR.dir/C_/RPPicoSDK/sdk/pico/pico-sdk/src/rp2_common/pico_float/float_aeabi.S.obj
                0x1000407c                __wrap___aeabi_f2d
 .text.__aeabi_float_init
                0x10004090       0x64 CMakeFiles/LDR.dir/C_/RPPicoSDK/sdk/pico/pico-sdk/src/rp2_common/pico_float/float_init_rom.c.obj
                0x10004090                __aeabi_float_init
 .text.float_table_shim_on_use_helper
                0x100040f4       0x2c CMakeFiles/LDR.dir/C_/RPPicoSDK/sdk/pico/pico-sdk/src/rp2_common/pico_float/float_v1_rom_shim.S.obj
                0x100040f4                float_table_shim_on_use_helper
 .text.float2double_shim
                0x10004120       0x30 CMakeFiles/LDR.dir/C_/RPPicoSDK/sdk/pico/pico-sdk/src/rp2_common/pico_float/float_v1_rom_shim.S.obj
                0x10004120                float2double_shim
 .text          0x10004150       0x10 CMakeFiles/LDR.dir/C_/RPPicoSDK/sdk/pico/pico-sdk/src/rp2_common/pico_mem_ops/mem_ops_aeabi.S.obj
                0x10004150                __aeabi_mem_init
 .text.memset   0x10004160        0xc CMakeFiles/LDR.dir/C_/RPPicoSDK/sdk/pico/pico-sdk/src/rp2_common/pico_mem_ops/mem_ops_aeabi.S.obj
                0x10004160                __wrap_memset
 .text.memcpy   0x1000416c        0xc CMakeFiles/LDR.dir/C_/RPPicoSDK/sdk/pico/pico-sdk/src/rp2_common/pico_mem_ops/mem_ops_aeabi.S.obj
                0x1000416c                __wrap_memcpy
                0x1000416c                __wrap___aeabi_memcpy
 .text.stdio_out_chars_no_crlf
                0x10004178       0x10 CMakeFiles/LDR.dir/C_/RPPicoSDK/sdk/pico/pico-sdk/src/rp2_common/pico_stdio/stdio.c.obj
 .text.stdio_out_chars_crlf
                0x10004188       0xb4 CMakeFiles/LDR.dir/C_/RPPicoSDK/sdk/pico/pico-sdk/src/rp2_common/pico_stdio/stdio.c.obj
 .text.stdio_buffered_printer
                0x1000423c       0x64 CMakeFiles/LDR.dir/C_/RPPicoSDK/sdk/pico/pico-sdk/src/rp2_common/pico_stdio/stdio.c.obj
 .text.stdio_put_string.isra.0
                0x100042a0       0xfc CMakeFiles/LDR.dir/C_/RPPicoSDK/sdk/pico/pico-sdk/src/rp2_common/pico_stdio/stdio.c.obj
 .text.__wrap_putchar
                0x1000439c       0xa0 CMakeFiles/LDR.dir/C_/RPPicoSDK/sdk/pico/pico-sdk/src/rp2_common/pico_stdio/stdio.c.obj
                0x1000439c                __wrap_putchar
 .text.__wrap_puts
                0x1000443c       0x3c CMakeFiles/LDR.dir/C_/RPPicoSDK/sdk/pico/pico-sdk/src/rp2_common/pico_stdio/stdio.c.obj
                0x1000443c                __wrap_puts
 .text.stdio_set_driver_enabled
                0x10004478       0x3c CMakeFiles/LDR.dir/C_/RPPicoSDK/sdk/pico/pico-sdk/src/rp2_common/pico_stdio/stdio.c.obj
                0x10004478                stdio_set_driver_enabled
 .text.__wrap_vprintf
                0x100044b4       0xd8 CMakeFiles/LDR.dir/C_/RPPicoSDK/sdk/pico/pico-sdk/src/rp2_common/pico_stdio/stdio.c.obj
                0x100044b4                __wrap_vprintf
 .text.__wrap_printf
                0x1000458c       0x18 CMakeFiles/LDR.dir/C_/RPPicoSDK/sdk/pico/pico-sdk/src/rp2_common/pico_stdio/stdio.c.obj
                0x1000458c                __wrap_printf
 .text.stdio_init_all
                0x100045a4        0x8 CMakeFiles/LDR.dir/C_/RPPicoSDK/sdk/pico/pico-sdk/src/rp2_common/pico_stdio/stdio.c.obj
                0x100045a4                stdio_init_all
 .text.resetd_init
                0x100045ac        0x4 CMakeFiles/LDR.dir/C_/RPPicoSDK/sdk/pico/pico-sdk/src/rp2_common/pico_stdio_usb/reset_interface.c.obj
 .text.resetd_reset
                0x100045b0        0xc CMakeFiles/LDR.dir/C_/RPPicoSDK/sdk/pico/pico-sdk/src/rp2_common/pico_stdio_usb/reset_interface.c.obj
 .text.resetd_open
                0x100045bc       0x28 CMakeFiles/LDR.dir/C_/RPPicoSDK/sdk/pico/pico-sdk/src/rp2_common/pico_stdio_usb/reset_interface.c.obj
 .text.resetd_xfer_cb
                0x100045e4        0x4 CMakeFiles/LDR.dir/C_/RPPicoSDK/sdk/pico/pico-sdk/src/rp2_common/pico_stdio_usb/reset_interface.c.obj
 .text.resetd_control_xfer_cb
                0x100045e8       0x64 CMakeFiles/LDR.dir/C_/RPPicoSDK/sdk/pico/pico-sdk/src/rp2_common/pico_stdio_usb/reset_interface.c.obj
 .text.usbd_app_driver_get_cb
                0x1000464c        0xc CMakeFiles/LDR.dir/C_/RPPicoSDK/sdk/pico/pico-sdk/src/rp2_common/pico_stdio_usb/reset_interface.c.obj
                0x1000464c                usbd_app_driver_get_cb
 .text.tud_cdc_line_coding_cb
                0x10004658       0x34 CMakeFiles/LDR.dir/C_/RPPicoSDK/sdk/pico/pico-sdk/src/rp2_common/pico_stdio_usb/reset_interface.c.obj
                0x10004658                tud_cdc_line_coding_cb
 .text.stdio_usb_in_chars
                0x1000468c       0x68 CMakeFiles/LDR.dir/C_/RPPicoSDK/sdk/pico/pico-sdk/src/rp2_common/pico_stdio_usb/stdio_usb.c.obj
                0x1000468c                stdio_usb_in_chars
 .text.stdio_usb_out_chars
                0x100046f4       0xe4 CMakeFiles/LDR.dir/C_/RPPicoSDK/sdk/pico/pico-sdk/src/rp2_common/pico_stdio_usb/stdio_usb.c.obj
 .text.timer_task
                0x100047d8       0x10 CMakeFiles/LDR.dir/C_/RPPicoSDK/sdk/pico/pico-sdk/src/rp2_common/pico_stdio_usb/stdio_usb.c.obj
 .text.low_priority_worker_irq
                0x100047e8       0x24 CMakeFiles/LDR.dir/C_/RPPicoSDK/sdk/pico/pico-sdk/src/rp2_common/pico_stdio_usb/stdio_usb.c.obj
 .text.stdio_usb_init
                0x1000480c       0x90 CMakeFiles/LDR.dir/C_/RPPicoSDK/sdk/pico/pico-sdk/src/rp2_common/pico_stdio_usb/stdio_usb.c.obj
                0x1000480c                stdio_usb_init
 .text.tud_descriptor_device_cb
                0x1000489c        0x8 CMakeFiles/LDR.dir/C_/RPPicoSDK/sdk/pico/pico-sdk/src/rp2_common/pico_stdio_usb/stdio_usb_descriptors.c.obj
                0x1000489c                tud_descriptor_device_cb
 .text.tud_descriptor_configuration_cb
                0x100048a4        0x8 CMakeFiles/LDR.dir/C_/RPPicoSDK/sdk/pico/pico-sdk/src/rp2_common/pico_stdio_usb/stdio_usb_descriptors.c.obj
                0x100048a4                tud_descriptor_configuration_cb
 .text.tud_descriptor_string_cb
                0x100048ac       0x74 CMakeFiles/LDR.dir/C_/RPPicoSDK/sdk/pico/pico-sdk/src/rp2_common/pico_stdio_usb/stdio_usb_descriptors.c.obj
                0x100048ac                tud_descriptor_string_cb
 .text.dcd_rp2040_irq
                0x10004920      0x21c CMakeFiles/LDR.dir/C_/RPPicoSDK/sdk/pico/pico-sdk/lib/tinyusb/src/portable/raspberrypi/rp2040/dcd_rp2040.c.obj
 .text.dcd_int_enable
                0x10004b3c        0xc CMakeFiles/LDR.dir/C_/RPPicoSDK/sdk/pico/pico-sdk/lib/tinyusb/src/portable/raspberrypi/rp2040/dcd_rp2040.c.obj
                0x10004b3c                dcd_int_enable
 .text.dcd_set_address
                0x10004b48       0x14 CMakeFiles/LDR.dir/C_/RPPicoSDK/sdk/pico/pico-sdk/lib/tinyusb/src/portable/raspberrypi/rp2040/dcd_rp2040.c.obj
                0x10004b48                dcd_set_address
 .text.dcd_connect
                0x10004b5c       0x10 CMakeFiles/LDR.dir/C_/RPPicoSDK/sdk/pico/pico-sdk/lib/tinyusb/src/portable/raspberrypi/rp2040/dcd_rp2040.c.obj
                0x10004b5c                dcd_connect
 .text.dcd_init
                0x10004b6c      0x144 CMakeFiles/LDR.dir/C_/RPPicoSDK/sdk/pico/pico-sdk/lib/tinyusb/src/portable/raspberrypi/rp2040/dcd_rp2040.c.obj
                0x10004b6c                dcd_init
 .text.dcd_edpt0_status_complete
                0x10004cb0       0x1c CMakeFiles/LDR.dir/C_/RPPicoSDK/sdk/pico/pico-sdk/lib/tinyusb/src/portable/raspberrypi/rp2040/dcd_rp2040.c.obj
                0x10004cb0                dcd_edpt0_status_complete
 .text.dcd_edpt_open
                0x10004ccc       0xf0 CMakeFiles/LDR.dir/C_/RPPicoSDK/sdk/pico/pico-sdk/lib/tinyusb/src/portable/raspberrypi/rp2040/dcd_rp2040.c.obj
                0x10004ccc                dcd_edpt_open
 .text.dcd_edpt_close_all
                0x10004dbc       0xbc CMakeFiles/LDR.dir/C_/RPPicoSDK/sdk/pico/pico-sdk/lib/tinyusb/src/portable/raspberrypi/rp2040/dcd_rp2040.c.obj
                0x10004dbc                dcd_edpt_close_all
 .text.dcd_edpt_xfer
                0x10004e78       0x24 CMakeFiles/LDR.dir/C_/RPPicoSDK/sdk/pico/pico-sdk/lib/tinyusb/src/portable/raspberrypi/rp2040/dcd_rp2040.c.obj
                0x10004e78                dcd_edpt_xfer
 .text.dcd_edpt_stall
                0x10004e9c       0x38 CMakeFiles/LDR.dir/C_/RPPicoSDK/sdk/pico/pico-sdk/lib/tinyusb/src/portable/raspberrypi/rp2040/dcd_rp2040.c.obj
                0x10004e9c                dcd_edpt_stall
 .text.dcd_edpt_clear_stall
                0x10004ed4       0x30 CMakeFiles/LDR.dir/C_/RPPicoSDK/sdk/pico/pico-sdk/lib/tinyusb/src/portable/raspberrypi/rp2040/dcd_rp2040.c.obj
                0x10004ed4                dcd_edpt_clear_stall
 .text._hw_endpoint_buffer_control_update32.part.0.isra.0
                0x10004f04       0x1c CMakeFiles/LDR.dir/C_/RPPicoSDK/sdk/pico/pico-sdk/lib/tinyusb/src/portable/raspberrypi/rp2040/rp2040_usb.c.obj
 .text.rp2040_usb_init
                0x10004f20       0x4c CMakeFiles/LDR.dir/C_/RPPicoSDK/sdk/pico/pico-sdk/lib/tinyusb/src/portable/raspberrypi/rp2040/rp2040_usb.c.obj
                0x10004f20                rp2040_usb_init
 .text.hw_endpoint_reset_transfer
                0x10004f6c        0xc CMakeFiles/LDR.dir/C_/RPPicoSDK/sdk/pico/pico-sdk/lib/tinyusb/src/portable/raspberrypi/rp2040/rp2040_usb.c.obj
                0x10004f6c                hw_endpoint_reset_transfer
 .text._hw_endpoint_buffer_control_update32
                0x10004f78       0x44 CMakeFiles/LDR.dir/C_/RPPicoSDK/sdk/pico/pico-sdk/lib/tinyusb/src/portable/raspberrypi/rp2040/rp2040_usb.c.obj
                0x10004f78                _hw_endpoint_buffer_control_update32
 .text.hw_endpoint_xfer_start
                0x10004fbc      0x138 CMakeFiles/LDR.dir/C_/RPPicoSDK/sdk/pico/pico-sdk/lib/tinyusb/src/portable/raspberrypi/rp2040/rp2040_usb.c.obj
                0x10004fbc                hw_endpoint_xfer_start
 .text.hw_endpoint_xfer_continue
                0x100050f4      0x1e4 CMakeFiles/LDR.dir/C_/RPPicoSDK/sdk/pico/pico-sdk/lib/tinyusb/src/portable/raspberrypi/rp2040/rp2040_usb.c.obj
                0x100050f4                hw_endpoint_xfer_continue
 .text.tud_mounted
                0x100052d8       0x10 CMakeFiles/LDR.dir/C_/RPPicoSDK/sdk/pico/pico-sdk/lib/tinyusb/src/device/usbd.c.obj
                0x100052d8                tud_mounted
 .text.tud_suspended
                0x100052e8       0x10 CMakeFiles/LDR.dir/C_/RPPicoSDK/sdk/pico/pico-sdk/lib/tinyusb/src/device/usbd.c.obj
                0x100052e8                tud_suspended
 .text.tud_inited
                0x100052f8        0xc CMakeFiles/LDR.dir/C_/RPPicoSDK/sdk/pico/pico-sdk/lib/tinyusb/src/device/usbd.c.obj
                0x100052f8                tud_inited
 .text.tud_init
                0x10005304       0xd8 CMakeFiles/LDR.dir/C_/RPPicoSDK/sdk/pico/pico-sdk/lib/tinyusb/src/device/usbd.c.obj
                0x10005304                tud_init
 .text.tud_task
                0x100053dc      0x8ec CMakeFiles/LDR.dir/C_/RPPicoSDK/sdk/pico/pico-sdk/lib/tinyusb/src/device/usbd.c.obj
                0x100053dc                tud_task
 .text.dcd_event_bus_signal
                0x10005cc8      0x120 CMakeFiles/LDR.dir/C_/RPPicoSDK/sdk/pico/pico-sdk/lib/tinyusb/src/device/usbd.c.obj
                0x10005cc8                dcd_event_bus_signal
 .text.dcd_event_bus_reset
                0x10005de8       0x54 CMakeFiles/LDR.dir/C_/RPPicoSDK/sdk/pico/pico-sdk/lib/tinyusb/src/device/usbd.c.obj
                0x10005de8                dcd_event_bus_reset
 .text.dcd_event_setup_received
                0x10005e3c       0x50 CMakeFiles/LDR.dir/C_/RPPicoSDK/sdk/pico/pico-sdk/lib/tinyusb/src/device/usbd.c.obj
                0x10005e3c                dcd_event_setup_received
 .text.dcd_event_xfer_complete
                0x10005e8c       0x68 CMakeFiles/LDR.dir/C_/RPPicoSDK/sdk/pico/pico-sdk/lib/tinyusb/src/device/usbd.c.obj
                0x10005e8c                dcd_event_xfer_complete
 .text.usbd_open_edpt_pair
                0x10005ef4       0x80 CMakeFiles/LDR.dir/C_/RPPicoSDK/sdk/pico/pico-sdk/lib/tinyusb/src/device/usbd.c.obj
                0x10005ef4                usbd_open_edpt_pair
 .text.usbd_edpt_open
                0x10005f74       0x30 CMakeFiles/LDR.dir/C_/RPPicoSDK/sdk/pico/pico-sdk/lib/tinyusb/src/device/usbd.c.obj
                0x10005f74                usbd_edpt_open
 .text.usbd_edpt_claim
                0x10005fa4       0x64 CMakeFiles/LDR.dir/C_/RPPicoSDK/sdk/pico/pico-sdk/lib/tinyusb/src/device/usbd.c.obj
                0x10005fa4                usbd_edpt_claim
 .text.usbd_edpt_release
                0x10006008       0x4c CMakeFiles/LDR.dir/C_/RPPicoSDK/sdk/pico/pico-sdk/lib/tinyusb/src/device/usbd.c.obj
                0x10006008                usbd_edpt_release
 .text.usbd_edpt_xfer
                0x10006054       0x48 CMakeFiles/LDR.dir/C_/RPPicoSDK/sdk/pico/pico-sdk/lib/tinyusb/src/device/usbd.c.obj
                0x10006054                usbd_edpt_xfer
 .text.tud_control_status
                0x1000609c       0x30 CMakeFiles/LDR.dir/C_/RPPicoSDK/sdk/pico/pico-sdk/lib/tinyusb/src/device/usbd_control.c.obj
                0x1000609c                tud_control_status
 .text.tud_control_xfer
                0x100060cc       0xbc CMakeFiles/LDR.dir/C_/RPPicoSDK/sdk/pico/pico-sdk/lib/tinyusb/src/device/usbd_control.c.obj
                0x100060cc                tud_control_xfer
 .text.usbd_control_reset
                0x10006188       0x14 CMakeFiles/LDR.dir/C_/RPPicoSDK/sdk/pico/pico-sdk/lib/tinyusb/src/device/usbd_control.c.obj
                0x10006188                usbd_control_reset
 .text.usbd_control_set_complete_callback
                0x1000619c        0xc CMakeFiles/LDR.dir/C_/RPPicoSDK/sdk/pico/pico-sdk/lib/tinyusb/src/device/usbd_control.c.obj
                0x1000619c                usbd_control_set_complete_callback
 .text.usbd_control_set_request
                0x100061a8       0x1c CMakeFiles/LDR.dir/C_/RPPicoSDK/sdk/pico/pico-sdk/lib/tinyusb/src/device/usbd_control.c.obj
                0x100061a8                usbd_control_set_request
 .text.usbd_control_xfer_cb
                0x100061c4       0xfc CMakeFiles/LDR.dir/C_/RPPicoSDK/sdk/pico/pico-sdk/lib/tinyusb/src/device/usbd_control.c.obj
                0x100061c4                usbd_control_xfer_cb
 .text.tud_cdc_n_connected
                0x100062c0       0x30 CMakeFiles/LDR.dir/C_/RPPicoSDK/sdk/pico/pico-sdk/lib/tinyusb/src/class/cdc/cdc_device.c.obj
                0x100062c0                tud_cdc_n_connected
 .text.tud_cdc_n_available
                0x100062f0       0x18 CMakeFiles/LDR.dir/C_/RPPicoSDK/sdk/pico/pico-sdk/lib/tinyusb/src/class/cdc/cdc_device.c.obj
                0x100062f0                tud_cdc_n_available
 .text.tud_cdc_n_read
                0x10006308       0x70 CMakeFiles/LDR.dir/C_/RPPicoSDK/sdk/pico/pico-sdk/lib/tinyusb/src/class/cdc/cdc_device.c.obj
                0x10006308                tud_cdc_n_read
 .text.tud_cdc_n_write_flush
                0x10006378       0x78 CMakeFiles/LDR.dir/C_/RPPicoSDK/sdk/pico/pico-sdk/lib/tinyusb/src/class/cdc/cdc_device.c.obj
                0x10006378                tud_cdc_n_write_flush
 .text.tud_cdc_n_write
                0x100063f0       0x34 CMakeFiles/LDR.dir/C_/RPPicoSDK/sdk/pico/pico-sdk/lib/tinyusb/src/class/cdc/cdc_device.c.obj
                0x100063f0                tud_cdc_n_write
 .text.tud_cdc_n_write_available
                0x10006424       0x18 CMakeFiles/LDR.dir/C_/RPPicoSDK/sdk/pico/pico-sdk/lib/tinyusb/src/class/cdc/cdc_device.c.obj
                0x10006424                tud_cdc_n_write_available
 .text.cdcd_init
                0x1000643c       0x7c CMakeFiles/LDR.dir/C_/RPPicoSDK/sdk/pico/pico-sdk/lib/tinyusb/src/class/cdc/cdc_device.c.obj
                0x1000643c                cdcd_init
 .text.cdcd_reset
                0x100064b8       0x2c CMakeFiles/LDR.dir/C_/RPPicoSDK/sdk/pico/pico-sdk/lib/tinyusb/src/class/cdc/cdc_device.c.obj
                0x100064b8                cdcd_reset
 .text.cdcd_open
                0x100064e4       0xe4 CMakeFiles/LDR.dir/C_/RPPicoSDK/sdk/pico/pico-sdk/lib/tinyusb/src/class/cdc/cdc_device.c.obj
                0x100064e4                cdcd_open
 .text.cdcd_control_xfer_cb
                0x100065c8       0xe4 CMakeFiles/LDR.dir/C_/RPPicoSDK/sdk/pico/pico-sdk/lib/tinyusb/src/class/cdc/cdc_device.c.obj
                0x100065c8                cdcd_control_xfer_cb
 .text.cdcd_xfer_cb
                0x100066ac      0x148 CMakeFiles/LDR.dir/C_/RPPicoSDK/sdk/pico/pico-sdk/lib/tinyusb/src/class/cdc/cdc_device.c.obj
                0x100066ac                cdcd_xfer_cb
 .text.tusb_init
                0x100067f4        0xc CMakeFiles/LDR.dir/C_/RPPicoSDK/sdk/pico/pico-sdk/lib/tinyusb/src/tusb.c.obj
                0x100067f4                tusb_init
 .text.tusb_inited
                0x10006800        0x8 CMakeFiles/LDR.dir/C_/RPPicoSDK/sdk/pico/pico-sdk/lib/tinyusb/src/tusb.c.obj
                0x10006800                tusb_inited
 .text.tu_edpt_validate
                0x10006808       0x78 CMakeFiles/LDR.dir/C_/RPPicoSDK/sdk/pico/pico-sdk/lib/tinyusb/src/tusb.c.obj
                0x10006808                tu_edpt_validate
 .text.tu_edpt_bind_driver
                0x10006880       0x2c CMakeFiles/LDR.dir/C_/RPPicoSDK/sdk/pico/pico-sdk/lib/tinyusb/src/tusb.c.obj
                0x10006880                tu_edpt_bind_driver
 .text.tu_fifo_config
                0x100068ac       0x78 CMakeFiles/LDR.dir/C_/RPPicoSDK/sdk/pico/pico-sdk/lib/tinyusb/src/common/tusb_fifo.c.obj
                0x100068ac                tu_fifo_config
 .text.tu_fifo_count
                0x10006924       0x20 CMakeFiles/LDR.dir/C_/RPPicoSDK/sdk/pico/pico-sdk/lib/tinyusb/src/common/tusb_fifo.c.obj
                0x10006924                tu_fifo_count
 .text.tu_fifo_empty
                0x10006944       0x10 CMakeFiles/LDR.dir/C_/RPPicoSDK/sdk/pico/pico-sdk/lib/tinyusb/src/common/tusb_fifo.c.obj
                0x10006944                tu_fifo_empty
 .text.tu_fifo_remaining
                0x10006954       0x1c CMakeFiles/LDR.dir/C_/RPPicoSDK/sdk/pico/pico-sdk/lib/tinyusb/src/common/tusb_fifo.c.obj
                0x10006954                tu_fifo_remaining
 .text.tu_fifo_read
                0x10006970       0x9c CMakeFiles/LDR.dir/C_/RPPicoSDK/sdk/pico/pico-sdk/lib/tinyusb/src/common/tusb_fifo.c.obj
                0x10006970                tu_fifo_read
 .text.tu_fifo_read_n
                0x10006a0c      0x100 CMakeFiles/LDR.dir/C_/RPPicoSDK/sdk/pico/pico-sdk/lib/tinyusb/src/common/tusb_fifo.c.obj
                0x10006a0c                tu_fifo_read_n
 .text.tu_fifo_write
                0x10006b0c       0x7c CMakeFiles/LDR.dir/C_/RPPicoSDK/sdk/pico/pico-sdk/lib/tinyusb/src/common/tusb_fifo.c.obj
                0x10006b0c                tu_fifo_write
 .text.tu_fifo_write_n
                0x10006b88      0x100 CMakeFiles/LDR.dir/C_/RPPicoSDK/sdk/pico/pico-sdk/lib/tinyusb/src/common/tusb_fifo.c.obj
                0x10006b88                tu_fifo_write_n
 .text.tu_fifo_clear
                0x10006c88       0x4c CMakeFiles/LDR.dir/C_/RPPicoSDK/sdk/pico/pico-sdk/lib/tinyusb/src/common/tusb_fifo.c.obj
                0x10006c88                tu_fifo_clear
 .text.tu_fifo_set_overwritable
                0x10006cd4       0x3c CMakeFiles/LDR.dir/C_/RPPicoSDK/sdk/pico/pico-sdk/lib/tinyusb/src/common/tusb_fifo.c.obj
                0x10006cd4                tu_fifo_set_overwritable
 .text.startup._retrieve_unique_id_on_boot
                0x10006d10       0x10 CMakeFiles/LDR.dir/C_/RPPicoSDK/sdk/pico/pico-sdk/src/rp2_common/pico_unique_id/unique_id.c.obj
 .text.pico_get_unique_board_id_string
                0x10006d20      0x1a8 CMakeFiles/LDR.dir/C_/RPPicoSDK/sdk/pico/pico-sdk/src/rp2_common/pico_unique_id/unique_id.c.obj
                0x10006d20                pico_get_unique_board_id_string
 .text.flash_get_unique_id
                0x10006ec8       0x40 CMakeFiles/LDR.dir/C_/RPPicoSDK/sdk/pico/pico-sdk/src/rp2_common/hardware_flash/flash.c.obj
                0x10006ec8                flash_get_unique_id
 .text.adc_init
                0x10006f08       0x38 CMakeFiles/LDR.dir/C_/RPPicoSDK/sdk/pico/pico-sdk/src/rp2_common/hardware_adc/adc.c.obj
                0x10006f08                adc_init
 .text.strlen   0x10006f40       0x5c c:/rppico~1/armcc/102021~1.10/bin/../lib/gcc/arm-none-eabi/10.3.1/../../../../arm-none-eabi/lib/thumb/v6-m/nofp\libc.a(lib_a-strlen-stub.o)
                0x10006f40                strlen
 *(.fini)
 .fini          0x10006f9c        0x4 c:/rppico~1/armcc/102021~1.10/bin/../lib/gcc/arm-none-eabi/10.3.1/thumb/v6-m/nofp/crti.o
                0x10006f9c                _fini
 .fini.__stub   0x10006fa0       0x70 linker stubs
 *crtbegin.o(.ctors)
 *crtbegin?.o(.ctors)
 *(EXCLUDE_FILE(*crtend.o *crtend?.o) .ctors)
 *(SORT_BY_NAME(.ctors.*))
 *(.ctors)
 *crtbegin.o(.dtors)
 *crtbegin?.o(.dtors)
 *(EXCLUDE_FILE(*crtend.o *crtend?.o) .dtors)
 *(SORT_BY_NAME(.dtors.*))
 *(.dtors)
 *(.eh_frame*)
 .eh_frame      0x10007010        0x0 c:/rppico~1/armcc/102021~1.10/bin/../lib/gcc/arm-none-eabi/10.3.1/thumb/v6-m/nofp/crtbegin.o
                0x10007010                . = ALIGN (0x4)

.glue_7         0x10007010        0x0
 .glue_7        0x10007010        0x0 linker stubs

.glue_7t        0x10007010        0x0
 .glue_7t       0x10007010        0x0 linker stubs

.vfp11_veneer   0x10007010        0x0
 .vfp11_veneer  0x10007010        0x0 linker stubs

.v4_bx          0x10007010        0x0
 .v4_bx         0x10007010        0x0 linker stubs

.iplt           0x10007010        0x0
 .iplt          0x10007010        0x0 c:/rppico~1/armcc/102021~1.10/bin/../lib/gcc/arm-none-eabi/10.3.1/thumb/v6-m/nofp/crtbegin.o

.rodata         0x10007010      0x540
 *(EXCLUDE_FILE(*libm.a: *libc.a:*lib_a-mem*.o *libgcc.a:) .rodata*)
 .rodata.main.str1.4
                0x10007010       0x48 CMakeFiles/LDR.dir/LDR.c.obj
 .rodata.spin_lock_claim_unused.str1.4
                0x10007058       0x1b CMakeFiles/LDR.dir/C_/RPPicoSDK/sdk/pico/pico-sdk/src/rp2_common/hardware_sync/sync.c.obj
 *fill*         0x10007073        0x1 
 .rodata.hardware_alarm_claim.str1.4
                0x10007074       0x22 CMakeFiles/LDR.dir/C_/RPPicoSDK/sdk/pico/pico-sdk/src/rp2_common/hardware_timer/timer.c.obj
 *fill*         0x10007096        0x2 
 .rodata.panic.str1.4
                0x10007098       0x12 CMakeFiles/LDR.dir/C_/RPPicoSDK/sdk/pico/pico-sdk/src/rp2_common/pico_runtime/runtime.c.obj
 *fill*         0x100070aa        0x2 
 .rodata.hard_assertion_failure.str1.4
                0x100070ac        0xc CMakeFiles/LDR.dir/C_/RPPicoSDK/sdk/pico/pico-sdk/src/rp2_common/pico_runtime/runtime.c.obj
 .rodata._ftoa.str1.4
                0x100070b8       0x15 CMakeFiles/LDR.dir/C_/RPPicoSDK/sdk/pico/pico-sdk/src/rp2_common/pico_printf/printf.c.obj
 *fill*         0x100070cd        0x3 
 .rodata._vsnprintf
                0x100070d0      0x1e0 CMakeFiles/LDR.dir/C_/RPPicoSDK/sdk/pico/pico-sdk/src/rp2_common/pico_printf/printf.c.obj
 .rodata.pow10.0
                0x100072b0       0x50 CMakeFiles/LDR.dir/C_/RPPicoSDK/sdk/pico/pico-sdk/src/rp2_common/pico_printf/printf.c.obj
 .rodata.str1.4
                0x10007300       0x38 CMakeFiles/LDR.dir/C_/RPPicoSDK/sdk/pico/pico-sdk/src/rp2_common/pico_standard_link/binary_info.c.obj
 .rodata.__bi_44
                0x10007338        0xc CMakeFiles/LDR.dir/C_/RPPicoSDK/sdk/pico/pico-sdk/src/rp2_common/pico_standard_link/binary_info.c.obj
 .rodata.__bi_75
                0x10007344        0xc CMakeFiles/LDR.dir/C_/RPPicoSDK/sdk/pico/pico-sdk/src/rp2_common/pico_standard_link/binary_info.c.obj
 .rodata.__bi_81
                0x10007350        0xc CMakeFiles/LDR.dir/C_/RPPicoSDK/sdk/pico/pico-sdk/src/rp2_common/pico_standard_link/binary_info.c.obj
 .rodata.crlf_str.0
                0x1000735c        0x2 CMakeFiles/LDR.dir/C_/RPPicoSDK/sdk/pico/pico-sdk/src/rp2_common/pico_stdio/stdio.c.obj
 *fill*         0x1000735e        0x2 
 .rodata._resetd_driver
                0x10007360       0x18 CMakeFiles/LDR.dir/C_/RPPicoSDK/sdk/pico/pico-sdk/src/rp2_common/pico_stdio_usb/reset_interface.c.obj
 .rodata.str1.4
                0x10007378       0x13 CMakeFiles/LDR.dir/C_/RPPicoSDK/sdk/pico/pico-sdk/src/rp2_common/pico_stdio_usb/stdio_usb.c.obj
 *fill*         0x1000738b        0x1 
 .rodata.__bi_93.0
                0x1000738c        0xc CMakeFiles/LDR.dir/C_/RPPicoSDK/sdk/pico/pico-sdk/src/rp2_common/pico_stdio_usb/stdio_usb.c.obj
 .rodata.str1.4
                0x10007398       0x2a CMakeFiles/LDR.dir/C_/RPPicoSDK/sdk/pico/pico-sdk/src/rp2_common/pico_stdio_usb/stdio_usb_descriptors.c.obj
 *fill*         0x100073c2        0x2 
 .rodata.usbd_desc_cfg
                0x100073c4       0x54 CMakeFiles/LDR.dir/C_/RPPicoSDK/sdk/pico/pico-sdk/src/rp2_common/pico_stdio_usb/stdio_usb_descriptors.c.obj
 .rodata.usbd_desc_device
                0x10007418       0x12 CMakeFiles/LDR.dir/C_/RPPicoSDK/sdk/pico/pico-sdk/src/rp2_common/pico_stdio_usb/stdio_usb_descriptors.c.obj
 *fill*         0x1000742a        0x2 
 .rodata.usbd_desc_str
                0x1000742c       0x18 CMakeFiles/LDR.dir/C_/RPPicoSDK/sdk/pico/pico-sdk/src/rp2_common/pico_stdio_usb/stdio_usb_descriptors.c.obj
 .rodata.dcd_rp2040_irq.str1.4
                0x10007444       0x14 CMakeFiles/LDR.dir/C_/RPPicoSDK/sdk/pico/pico-sdk/lib/tinyusb/src/portable/raspberrypi/rp2040/dcd_rp2040.c.obj
 .rodata._hw_endpoint_buffer_control_update32.part.0.isra.0.str1.4
                0x10007458       0x1f CMakeFiles/LDR.dir/C_/RPPicoSDK/sdk/pico/pico-sdk/lib/tinyusb/src/portable/raspberrypi/rp2040/rp2040_usb.c.obj
 *fill*         0x10007477        0x1 
 .rodata.hw_endpoint_xfer_continue.str1.4
                0x10007478       0x29 CMakeFiles/LDR.dir/C_/RPPicoSDK/sdk/pico/pico-sdk/lib/tinyusb/src/portable/raspberrypi/rp2040/rp2040_usb.c.obj
 *fill*         0x100074a1        0x3 
 .rodata.str1.4
                0x100074a4        0x7 CMakeFiles/LDR.dir/C_/RPPicoSDK/sdk/pico/pico-sdk/lib/tinyusb/src/portable/raspberrypi/rp2040/rp2040_usb.c.obj
 *fill*         0x100074ab        0x1 
 .rodata.tud_task
                0x100074ac       0x8c CMakeFiles/LDR.dir/C_/RPPicoSDK/sdk/pico/pico-sdk/lib/tinyusb/src/device/usbd.c.obj
 .rodata._usbd_driver
                0x10007538       0x18 CMakeFiles/LDR.dir/C_/RPPicoSDK/sdk/pico/pico-sdk/lib/tinyusb/src/device/usbd.c.obj
                0x10007550                . = ALIGN (0x4)
 *(SORT_BY_ALIGNMENT(SORT_BY_NAME(.flashdata*)))
                0x10007550                . = ALIGN (0x4)

.rel.dyn        0x10007550        0x0
 .rel.iplt      0x10007550        0x0 c:/rppico~1/armcc/102021~1.10/bin/../lib/gcc/arm-none-eabi/10.3.1/thumb/v6-m/nofp/crtbegin.o

.ARM.extab
 *(.ARM.extab* .gnu.linkonce.armextab.*)
                0x10007550                __exidx_start = .

.ARM.exidx
 *(.ARM.exidx* .gnu.linkonce.armexidx.*)
                0x10007550                __exidx_end = .
                0x10007550                . = ALIGN (0x4)
                0x10007550                __binary_info_start = .

.binary_info    0x10007550       0x20
 *(.binary_info.keep.*)
 .binary_info.keep.__bi_ptr22
                0x10007550        0x4 CMakeFiles/LDR.dir/C_/RPPicoSDK/sdk/pico/pico-sdk/src/rp2_common/pico_standard_link/binary_info.c.obj
 .binary_info.keep.__bi_ptr30
                0x10007554        0x4 CMakeFiles/LDR.dir/C_/RPPicoSDK/sdk/pico/pico-sdk/src/rp2_common/pico_standard_link/binary_info.c.obj
 .binary_info.keep.__bi_ptr38
                0x10007558        0x4 CMakeFiles/LDR.dir/C_/RPPicoSDK/sdk/pico/pico-sdk/src/rp2_common/pico_standard_link/binary_info.c.obj
 .binary_info.keep.__bi_ptr44
                0x1000755c        0x4 CMakeFiles/LDR.dir/C_/RPPicoSDK/sdk/pico/pico-sdk/src/rp2_common/pico_standard_link/binary_info.c.obj
 .binary_info.keep.__bi_ptr50
                0x10007560        0x4 CMakeFiles/LDR.dir/C_/RPPicoSDK/sdk/pico/pico-sdk/src/rp2_common/pico_standard_link/binary_info.c.obj
 .binary_info.keep.__bi_ptr75
                0x10007564        0x4 CMakeFiles/LDR.dir/C_/RPPicoSDK/sdk/pico/pico-sdk/src/rp2_common/pico_standard_link/binary_info.c.obj
 .binary_info.keep.__bi_ptr81
                0x10007568        0x4 CMakeFiles/LDR.dir/C_/RPPicoSDK/sdk/pico/pico-sdk/src/rp2_common/pico_standard_link/binary_info.c.obj
 *(.binary_info.*)
 .binary_info.__bi_ptr93
                0x1000756c        0x4 CMakeFiles/LDR.dir/C_/RPPicoSDK/sdk/pico/pico-sdk/src/rp2_common/pico_stdio_usb/stdio_usb.c.obj
                0x10007570                __binary_info_end = .
                0x10007570                . = ALIGN (0x4)
                0x10007570                __etext = .

.ram_vector_table
                0x20000000       0xc0
 *(.ram_vector_table)
 .ram_vector_table
                0x20000000       0xc0 CMakeFiles/LDR.dir/C_/RPPicoSDK/sdk/pico/pico-sdk/src/rp2_common/pico_runtime/runtime.c.obj
                0x20000000                ram_vector_table

.data           0x200000c0      0x3c0 load address 0x10007570
                0x200000c0                __data_start__ = .
 *(vtable)
 *(.time_critical*)
 .time_critical.mutex_enter_blocking
                0x200000c0       0x48 CMakeFiles/LDR.dir/C_/RPPicoSDK/sdk/pico/pico-sdk/src/common/pico_sync/mutex.c.obj
                0x200000c0                mutex_enter_blocking
 .time_critical.mutex_try_enter
                0x20000108       0x44 CMakeFiles/LDR.dir/C_/RPPicoSDK/sdk/pico/pico-sdk/src/common/pico_sync/mutex.c.obj
                0x20000108                mutex_try_enter
 .time_critical.mutex_enter_timeout_ms
                0x2000014c       0xa0 CMakeFiles/LDR.dir/C_/RPPicoSDK/sdk/pico/pico-sdk/src/common/pico_sync/mutex.c.obj
                0x2000014c                mutex_enter_timeout_ms
 .time_critical.mutex_exit
                0x200001ec       0x28 CMakeFiles/LDR.dir/C_/RPPicoSDK/sdk/pico/pico-sdk/src/common/pico_sync/mutex.c.obj
                0x200001ec                mutex_exit
 .time_critical.flash_init_boot2_copyout
                0x20000214       0x30 CMakeFiles/LDR.dir/C_/RPPicoSDK/sdk/pico/pico-sdk/src/rp2_common/hardware_flash/flash.c.obj
 .time_critical.flash_enable_xip_via_boot2
                0x20000244       0x10 CMakeFiles/LDR.dir/C_/RPPicoSDK/sdk/pico/pico-sdk/src/rp2_common/hardware_flash/flash.c.obj
 .time_critical.flash_cs_force
                0x20000254       0x38 CMakeFiles/LDR.dir/C_/RPPicoSDK/sdk/pico/pico-sdk/src/rp2_common/hardware_flash/flash.c.obj
 .time_critical.flash_do_cmd
                0x2000028c       0xc4 CMakeFiles/LDR.dir/C_/RPPicoSDK/sdk/pico/pico-sdk/src/rp2_common/hardware_flash/flash.c.obj
                0x2000028c                flash_do_cmd
 *(.text*)
 .text          0x20000350        0x4 c:/rppico~1/armcc/102021~1.10/bin/../lib/gcc/arm-none-eabi/10.3.1/thumb/v6-m/nofp\libgcc.a(_dvmd_tls.o)
                0x20000350                __aeabi_idiv0
                0x20000350                __aeabi_ldiv0
 *fill*         0x20000354        0x4 
 .text.__stub   0x20000358       0x30 linker stubs
                0x20000388                . = ALIGN (0x4)
 *(.rodata*)
                0x20000388                . = ALIGN (0x4)
 *(.data*)
 .data.striped_spin_lock_num
                0x20000388        0x1 CMakeFiles/LDR.dir/C_/RPPicoSDK/sdk/pico/pico-sdk/src/rp2_common/hardware_sync/sync.c.obj
 *fill*         0x20000389        0x3 
 .data.default_alarm_pool
                0x2000038c       0x18 CMakeFiles/LDR.dir/C_/RPPicoSDK/sdk/pico/pico-sdk/src/common/pico_time/time.c.obj
 .data.default_alarm_pool_heap
                0x200003a4       0x10 CMakeFiles/LDR.dir/C_/RPPicoSDK/sdk/pico/pico-sdk/src/common/pico_time/time.c.obj
 .data          0x200003b4       0x48 CMakeFiles/LDR.dir/C_/RPPicoSDK/sdk/pico/pico-sdk/src/rp2_common/hardware_irq/irq_handler_chain.S.obj
                0x200003b4                irq_handler_chain_slots
                0x200003e4                irq_handler_chain_first_slot
                0x200003ee                irq_handler_chain_remove_tail
 *fill*         0x200003fc        0x4 
 .data.aeabi_bits_funcs
                0x20000400       0x10 CMakeFiles/LDR.dir/C_/RPPicoSDK/sdk/pico/pico-sdk/src/rp2_common/pico_bit_ops/bit_ops_aeabi.S.obj
                0x20000400                aeabi_bits_funcs
                0x20000410                aeabi_bits_funcs_end
 .data.aeabi_mem_funcs
                0x20000410       0x10 CMakeFiles/LDR.dir/C_/RPPicoSDK/sdk/pico/pico-sdk/src/rp2_common/pico_mem_ops/mem_ops_aeabi.S.obj
                0x20000410                aeabi_mem_funcs
                0x20000420                aeabi_mem_funcs_end
 .data.stdio_usb
                0x20000420       0x14 CMakeFiles/LDR.dir/C_/RPPicoSDK/sdk/pico/pico-sdk/src/rp2_common/pico_stdio_usb/stdio_usb.c.obj
                0x20000420                stdio_usb
 .data.ep_dir_string
                0x20000434        0x8 CMakeFiles/LDR.dir/C_/RPPicoSDK/sdk/pico/pico-sdk/lib/tinyusb/src/portable/raspberrypi/rp2040/rp2040_usb.c.obj
                0x20000434                ep_dir_string
 .data._usbd_qdef
                0x2000043c       0x24 CMakeFiles/LDR.dir/C_/RPPicoSDK/sdk/pico/pico-sdk/lib/tinyusb/src/device/usbd.c.obj
                0x2000043c                _usbd_qdef
                0x20000460                . = ALIGN (0x4)
 *(.after_data.*)
                0x20000460                . = ALIGN (0x4)
                0x20000460                PROVIDE (__mutex_array_start = .)
 *(SORT_BY_NAME(.mutex_array.*))
 *(.mutex_array)
 .mutex_array   0x20000460        0x8 CMakeFiles/LDR.dir/C_/RPPicoSDK/sdk/pico/pico-sdk/src/rp2_common/pico_stdio/stdio.c.obj
                0x20000468                PROVIDE (__mutex_array_end = .)
                0x20000468                . = ALIGN (0x4)
                0x20000468                PROVIDE (__preinit_array_start = .)
 *(SORT_BY_NAME(.preinit_array.*))
 .preinit_array.00001
                0x20000468        0x4 CMakeFiles/LDR.dir/C_/RPPicoSDK/sdk/pico/pico-sdk/src/rp2_common/pico_mem_ops/mem_ops_aeabi.S.obj
 .preinit_array.00010
                0x2000046c        0x4 CMakeFiles/LDR.dir/C_/RPPicoSDK/sdk/pico/pico-sdk/src/rp2_common/pico_bit_ops/bit_ops_aeabi.S.obj
 .preinit_array.00020
                0x20000470        0x4 CMakeFiles/LDR.dir/C_/RPPicoSDK/sdk/pico/pico-sdk/src/rp2_common/pico_double/double_aeabi.S.obj
 .preinit_array.00020
                0x20000474        0x4 CMakeFiles/LDR.dir/C_/RPPicoSDK/sdk/pico/pico-sdk/src/rp2_common/pico_float/float_aeabi.S.obj
 *(.preinit_array)
                0x20000478                PROVIDE (__preinit_array_end = .)
                0x20000478                . = ALIGN (0x4)
                0x20000478                PROVIDE (__init_array_start = .)
 *(SORT_BY_NAME(.init_array.*))
 *(.init_array)
 .init_array    0x20000478        0x4 c:/rppico~1/armcc/102021~1.10/bin/../lib/gcc/arm-none-eabi/10.3.1/thumb/v6-m/nofp/crtbegin.o
 .init_array    0x2000047c        0x4 CMakeFiles/LDR.dir/C_/RPPicoSDK/sdk/pico/pico-sdk/src/rp2_common/pico_unique_id/unique_id.c.obj
                0x20000480                PROVIDE (__init_array_end = .)
                0x20000480                . = ALIGN (0x4)
                [!provide]                PROVIDE (__fini_array_start = .)
 *(SORT_BY_NAME(.fini_array.*))
 *(.fini_array)
                [!provide]                PROVIDE (__fini_array_end = .)
 *(.jcr)
                0x20000480                . = ALIGN (0x4)
                0x20000480                __data_end__ = .

.igot.plt       0x20000480        0x0 load address 0x10007930
 .igot.plt      0x20000480        0x0 c:/rppico~1/armcc/102021~1.10/bin/../lib/gcc/arm-none-eabi/10.3.1/thumb/v6-m/nofp/crtbegin.o

.uninitialized_data
                0x20000480        0x0 load address 0x10007930
                0x20000480                . = ALIGN (0x4)
 *(.uninitialized_data*)

.scratch_x      0x20040000        0x0 load address 0x10007930
                0x20040000                __scratch_x_start__ = .
 *(.scratch_x.*)
                0x20040000                . = ALIGN (0x4)
                0x20040000                __scratch_x_end__ = .
                0x10007930                __scratch_x_source__ = LOADADDR (.scratch_x)

.scratch_y      0x20041000        0x0 load address 0x10007930
                0x20041000                __scratch_y_start__ = .
 *(.scratch_y.*)
                0x20041000                . = ALIGN (0x4)
                0x20041000                __scratch_y_end__ = .
                0x10007930                __scratch_y_source__ = LOADADDR (.scratch_y)

.bss            0x20000480      0xd80
                0x20000480                . = ALIGN (0x4)
                0x20000480                __bss_start__ = .
 *(SORT_BY_ALIGNMENT(SORT_BY_NAME(.bss*)))
 .bss.default_alarm_pool_entries
                0x20000480      0x100 CMakeFiles/LDR.dir/C_/RPPicoSDK/sdk/pico/pico-sdk/src/common/pico_time/time.c.obj
 .bss.last_avail_time.1
                0x20000580        0x8 CMakeFiles/LDR.dir/C_/RPPicoSDK/sdk/pico/pico-sdk/src/rp2_common/pico_stdio_usb/stdio_usb.c.obj
 .bss.sd_table  0x20000588      0x100 CMakeFiles/LDR.dir/C_/RPPicoSDK/sdk/pico/pico-sdk/src/rp2_common/pico_double/double_init_rom.c.obj
                0x20000588                sd_table
 .bss.sf_table  0x20000688      0x100 CMakeFiles/LDR.dir/C_/RPPicoSDK/sdk/pico/pico-sdk/src/rp2_common/pico_float/float_init_rom.c.obj
                0x20000688                sf_table
 .bss           0x20000788       0x1c c:/rppico~1/armcc/102021~1.10/bin/../lib/gcc/arm-none-eabi/10.3.1/thumb/v6-m/nofp/crtbegin.o
 .bss._app_driver
                0x200007a4        0x4 CMakeFiles/LDR.dir/C_/RPPicoSDK/sdk/pico/pico-sdk/lib/tinyusb/src/device/usbd.c.obj
 .bss._cdcd_itf
                0x200007a8      0x2d8 CMakeFiles/LDR.dir/C_/RPPicoSDK/sdk/pico/pico-sdk/lib/tinyusb/src/class/cdc/cdc_device.c.obj
 .bss._ctrl_xfer
                0x20000a80       0x14 CMakeFiles/LDR.dir/C_/RPPicoSDK/sdk/pico/pico-sdk/lib/tinyusb/src/device/usbd_control.c.obj
 .bss._ubsd_mutexdef
                0x20000a94        0x8 CMakeFiles/LDR.dir/C_/RPPicoSDK/sdk/pico/pico-sdk/lib/tinyusb/src/device/usbd.c.obj
 .bss._usbd_ctrl_buf
                0x20000a9c       0x40 CMakeFiles/LDR.dir/C_/RPPicoSDK/sdk/pico/pico-sdk/lib/tinyusb/src/device/usbd_control.c.obj
 .bss._usbd_dev
                0x20000adc       0x53 CMakeFiles/LDR.dir/C_/RPPicoSDK/sdk/pico/pico-sdk/lib/tinyusb/src/device/usbd.c.obj
 *fill*         0x20000b2f        0x1 
 .bss._usbd_mutex
                0x20000b30        0x4 CMakeFiles/LDR.dir/C_/RPPicoSDK/sdk/pico/pico-sdk/lib/tinyusb/src/device/usbd.c.obj
 .bss._usbd_q   0x20000b34        0x4 CMakeFiles/LDR.dir/C_/RPPicoSDK/sdk/pico/pico-sdk/lib/tinyusb/src/device/usbd.c.obj
 .bss._usbd_qdef_buf
                0x20000b38       0xc0 CMakeFiles/LDR.dir/C_/RPPicoSDK/sdk/pico/pico-sdk/lib/tinyusb/src/device/usbd.c.obj
                0x20000b38                _usbd_qdef_buf
 .bss.alarm_callbacks
                0x20000bf8       0x10 CMakeFiles/LDR.dir/C_/RPPicoSDK/sdk/pico/pico-sdk/src/rp2_common/hardware_timer/timer.c.obj
 .bss.boot2_copyout
                0x20000c08      0x100 CMakeFiles/LDR.dir/C_/RPPicoSDK/sdk/pico/pico-sdk/src/rp2_common/hardware_flash/flash.c.obj
 .bss.claimed   0x20000d08        0x4 CMakeFiles/LDR.dir/C_/RPPicoSDK/sdk/pico/pico-sdk/src/rp2_common/hardware_sync/sync.c.obj
 .bss.configured_freq
                0x20000d0c       0x28 CMakeFiles/LDR.dir/C_/RPPicoSDK/sdk/pico/pico-sdk/src/rp2_common/hardware_clocks/clocks.c.obj
 .bss.default_alarm_pool_entry_ids_high
                0x20000d34       0x10 CMakeFiles/LDR.dir/C_/RPPicoSDK/sdk/pico/pico-sdk/src/common/pico_time/time.c.obj
 .bss.default_alarm_pool_heap_nodes
                0x20000d44       0x30 CMakeFiles/LDR.dir/C_/RPPicoSDK/sdk/pico/pico-sdk/src/common/pico_time/time.c.obj
 .bss.desc_str.0
                0x20000d74       0x28 CMakeFiles/LDR.dir/C_/RPPicoSDK/sdk/pico/pico-sdk/src/rp2_common/pico_stdio_usb/stdio_usb_descriptors.c.obj
 .bss.drivers   0x20000d9c        0x4 CMakeFiles/LDR.dir/C_/RPPicoSDK/sdk/pico/pico-sdk/src/rp2_common/pico_stdio/stdio.c.obj
 .bss.filter    0x20000da0        0x4 CMakeFiles/LDR.dir/C_/RPPicoSDK/sdk/pico/pico-sdk/src/rp2_common/pico_stdio/stdio.c.obj
 .bss.hw_endpoints
                0x20000da4      0x400 CMakeFiles/LDR.dir/C_/RPPicoSDK/sdk/pico/pico-sdk/lib/tinyusb/src/portable/raspberrypi/rp2040/dcd_rp2040.c.obj
 .bss.lazy_vsnprintf
                0x200011a4        0x4 CMakeFiles/LDR.dir/C_/RPPicoSDK/sdk/pico/pico-sdk/src/rp2_common/pico_printf/printf.c.obj
 .bss.load_value
                0x200011a8        0x4 CMakeFiles/LDR.dir/C_/RPPicoSDK/sdk/pico/pico-sdk/src/rp2_common/hardware_watchdog/watchdog.c.obj
 .bss.next_buffer_ptr
                0x200011ac        0x4 CMakeFiles/LDR.dir/C_/RPPicoSDK/sdk/pico/pico-sdk/lib/tinyusb/src/portable/raspberrypi/rp2040/dcd_rp2040.c.obj
 .bss.pools     0x200011b0       0x10 CMakeFiles/LDR.dir/C_/RPPicoSDK/sdk/pico/pico-sdk/src/common/pico_time/time.c.obj
 .bss.retrieved_id
                0x200011c0        0x8 CMakeFiles/LDR.dir/C_/RPPicoSDK/sdk/pico/pico-sdk/src/rp2_common/pico_unique_id/unique_id.c.obj
 .bss.sf_clz_func
                0x200011c8        0x4 CMakeFiles/LDR.dir/C_/RPPicoSDK/sdk/pico/pico-sdk/src/rp2_common/pico_double/double_init_rom.c.obj
                0x200011c8                sf_clz_func
 .bss.sleep_notifier
                0x200011cc        0x4 CMakeFiles/LDR.dir/C_/RPPicoSDK/sdk/pico/pico-sdk/src/common/pico_time/time.c.obj
 .bss.stdio_usb_mutex
                0x200011d0        0x8 CMakeFiles/LDR.dir/C_/RPPicoSDK/sdk/pico/pico-sdk/src/rp2_common/pico_stdio_usb/stdio_usb.c.obj
 .bss.target_hi
                0x200011d8       0x10 CMakeFiles/LDR.dir/C_/RPPicoSDK/sdk/pico/pico-sdk/src/rp2_common/hardware_timer/timer.c.obj
 .bss.usbd_serial_str
                0x200011e8       0x11 CMakeFiles/LDR.dir/C_/RPPicoSDK/sdk/pico/pico-sdk/src/rp2_common/pico_stdio_usb/stdio_usb_descriptors.c.obj
 .bss._app_driver_count
                0x200011f9        0x1 CMakeFiles/LDR.dir/C_/RPPicoSDK/sdk/pico/pico-sdk/lib/tinyusb/src/device/usbd.c.obj
 .bss._usbd_initialized
                0x200011fa        0x1 CMakeFiles/LDR.dir/C_/RPPicoSDK/sdk/pico/pico-sdk/lib/tinyusb/src/device/usbd.c.obj
 .bss.boot2_copyout_valid
                0x200011fb        0x1 CMakeFiles/LDR.dir/C_/RPPicoSDK/sdk/pico/pico-sdk/src/rp2_common/hardware_flash/flash.c.obj
 .bss.claimed   0x200011fc        0x1 CMakeFiles/LDR.dir/C_/RPPicoSDK/sdk/pico/pico-sdk/src/rp2_common/hardware_timer/timer.c.obj
 .bss.irq_hander_chain_free_slot_head
                0x200011fd        0x1 CMakeFiles/LDR.dir/C_/RPPicoSDK/sdk/pico/pico-sdk/src/rp2_common/hardware_irq/irq.c.obj
 .bss.itf_num   0x200011fe        0x1 CMakeFiles/LDR.dir/C_/RPPicoSDK/sdk/pico/pico-sdk/src/rp2_common/pico_stdio_usb/reset_interface.c.obj
 .bss.timer_callbacks_pending
                0x200011ff        0x1 CMakeFiles/LDR.dir/C_/RPPicoSDK/sdk/pico/pico-sdk/src/rp2_common/hardware_timer/timer.c.obj
 *(COMMON)
                0x20001200                . = ALIGN (0x4)
                0x20001200                __bss_end__ = .

.heap           0x20001200      0x800
                0x20001200                __end__ = .
                0x20001200                end = __end__
 *(.heap*)
 .heap          0x20001200      0x800 CMakeFiles/LDR.dir/C_/RPPicoSDK/sdk/pico/pico-sdk/src/rp2_common/pico_standard_link/crt0.S.obj
                0x20001a00                __HeapLimit = .

.stack1_dummy   0x20040000        0x0
 *(.stack1*)

.stack_dummy    0x20041000      0x800
 *(.stack*)
 .stack         0x20041000      0x800 CMakeFiles/LDR.dir/C_/RPPicoSDK/sdk/pico/pico-sdk/src/rp2_common/pico_standard_link/crt0.S.obj

.flash_end      0x10007930        0x0
                0x10007930                __flash_binary_end = .
                0x20040000                __StackLimit = (ORIGIN (RAM) + LENGTH (RAM))
                0x20041000                __StackOneTop = (ORIGIN (SCRATCH_X) + LENGTH (SCRATCH_X))
                0x20042000                __StackTop = (ORIGIN (SCRATCH_Y) + LENGTH (SCRATCH_Y))
                0x20041000                __StackOneBottom = (__StackOneTop - SIZEOF (.stack1_dummy))
                0x20041800                __StackBottom = (__StackTop - SIZEOF (.stack_dummy))
                0x20042000                PROVIDE (__stack = __StackTop)
                0x00000001                ASSERT ((__StackLimit >= __HeapLimit), region RAM overflowed)
                0x00000001                ASSERT (((__binary_info_header_end - __logical_binary_start) <= 0x100), Binary info must be in first 256 bytes of the binary)
LOAD CMakeFiles/LDR.dir/LDR.c.obj
LOAD CMakeFiles/LDR.dir/C_/RPPicoSDK/sdk/pico/pico-sdk/src/rp2_common/pico_stdlib/stdlib.c.obj
LOAD CMakeFiles/LDR.dir/C_/RPPicoSDK/sdk/pico/pico-sdk/src/rp2_common/hardware_gpio/gpio.c.obj
LOAD CMakeFiles/LDR.dir/C_/RPPicoSDK/sdk/pico/pico-sdk/src/rp2_common/hardware_claim/claim.c.obj
LOAD CMakeFiles/LDR.dir/C_/RPPicoSDK/sdk/pico/pico-sdk/src/rp2_common/pico_platform/platform.c.obj
LOAD CMakeFiles/LDR.dir/C_/RPPicoSDK/sdk/pico/pico-sdk/src/rp2_common/hardware_sync/sync.c.obj
LOAD CMakeFiles/LDR.dir/C_/RPPicoSDK/sdk/pico/pico-sdk/src/rp2_common/hardware_uart/uart.c.obj
LOAD CMakeFiles/LDR.dir/C_/RPPicoSDK/sdk/pico/pico-sdk/src/rp2_common/hardware_divider/divider.S.obj
LOAD CMakeFiles/LDR.dir/C_/RPPicoSDK/sdk/pico/pico-sdk/src/common/pico_time/time.c.obj
LOAD CMakeFiles/LDR.dir/C_/RPPicoSDK/sdk/pico/pico-sdk/src/common/pico_time/timeout_helper.c.obj
LOAD CMakeFiles/LDR.dir/C_/RPPicoSDK/sdk/pico/pico-sdk/src/rp2_common/hardware_timer/timer.c.obj
LOAD CMakeFiles/LDR.dir/C_/RPPicoSDK/sdk/pico/pico-sdk/src/common/pico_sync/sem.c.obj
LOAD CMakeFiles/LDR.dir/C_/RPPicoSDK/sdk/pico/pico-sdk/src/common/pico_sync/lock_core.c.obj
LOAD CMakeFiles/LDR.dir/C_/RPPicoSDK/sdk/pico/pico-sdk/src/common/pico_sync/mutex.c.obj
LOAD CMakeFiles/LDR.dir/C_/RPPicoSDK/sdk/pico/pico-sdk/src/common/pico_sync/critical_section.c.obj
LOAD CMakeFiles/LDR.dir/C_/RPPicoSDK/sdk/pico/pico-sdk/src/common/pico_util/datetime.c.obj
LOAD CMakeFiles/LDR.dir/C_/RPPicoSDK/sdk/pico/pico-sdk/src/common/pico_util/pheap.c.obj
LOAD CMakeFiles/LDR.dir/C_/RPPicoSDK/sdk/pico/pico-sdk/src/common/pico_util/queue.c.obj
LOAD CMakeFiles/LDR.dir/C_/RPPicoSDK/sdk/pico/pico-sdk/src/rp2_common/pico_runtime/runtime.c.obj
LOAD CMakeFiles/LDR.dir/C_/RPPicoSDK/sdk/pico/pico-sdk/src/rp2_common/hardware_clocks/clocks.c.obj
LOAD CMakeFiles/LDR.dir/C_/RPPicoSDK/sdk/pico/pico-sdk/src/rp2_common/hardware_irq/irq.c.obj
LOAD CMakeFiles/LDR.dir/C_/RPPicoSDK/sdk/pico/pico-sdk/src/rp2_common/hardware_irq/irq_handler_chain.S.obj
LOAD CMakeFiles/LDR.dir/C_/RPPicoSDK/sdk/pico/pico-sdk/src/rp2_common/hardware_pll/pll.c.obj
LOAD CMakeFiles/LDR.dir/C_/RPPicoSDK/sdk/pico/pico-sdk/src/rp2_common/hardware_vreg/vreg.c.obj
LOAD CMakeFiles/LDR.dir/C_/RPPicoSDK/sdk/pico/pico-sdk/src/rp2_common/hardware_watchdog/watchdog.c.obj
LOAD CMakeFiles/LDR.dir/C_/RPPicoSDK/sdk/pico/pico-sdk/src/rp2_common/hardware_xosc/xosc.c.obj
LOAD CMakeFiles/LDR.dir/C_/RPPicoSDK/sdk/pico/pico-sdk/src/rp2_common/pico_printf/printf.c.obj
LOAD CMakeFiles/LDR.dir/C_/RPPicoSDK/sdk/pico/pico-sdk/src/rp2_common/pico_bit_ops/bit_ops_aeabi.S.obj
LOAD CMakeFiles/LDR.dir/C_/RPPicoSDK/sdk/pico/pico-sdk/src/rp2_common/pico_bootrom/bootrom.c.obj
LOAD CMakeFiles/LDR.dir/C_/RPPicoSDK/sdk/pico/pico-sdk/src/rp2_common/pico_divider/divider.S.obj
LOAD CMakeFiles/LDR.dir/C_/RPPicoSDK/sdk/pico/pico-sdk/src/rp2_common/pico_double/double_aeabi.S.obj
LOAD CMakeFiles/LDR.dir/C_/RPPicoSDK/sdk/pico/pico-sdk/src/rp2_common/pico_double/double_init_rom.c.obj
LOAD CMakeFiles/LDR.dir/C_/RPPicoSDK/sdk/pico/pico-sdk/src/rp2_common/pico_double/double_math.c.obj
LOAD CMakeFiles/LDR.dir/C_/RPPicoSDK/sdk/pico/pico-sdk/src/rp2_common/pico_double/double_v1_rom_shim.S.obj
LOAD CMakeFiles/LDR.dir/C_/RPPicoSDK/sdk/pico/pico-sdk/src/rp2_common/pico_int64_ops/pico_int64_ops_aeabi.S.obj
LOAD CMakeFiles/LDR.dir/C_/RPPicoSDK/sdk/pico/pico-sdk/src/rp2_common/pico_float/float_aeabi.S.obj
LOAD CMakeFiles/LDR.dir/C_/RPPicoSDK/sdk/pico/pico-sdk/src/rp2_common/pico_float/float_init_rom.c.obj
LOAD CMakeFiles/LDR.dir/C_/RPPicoSDK/sdk/pico/pico-sdk/src/rp2_common/pico_float/float_math.c.obj
LOAD CMakeFiles/LDR.dir/C_/RPPicoSDK/sdk/pico/pico-sdk/src/rp2_common/pico_float/float_v1_rom_shim.S.obj
LOAD CMakeFiles/LDR.dir/C_/RPPicoSDK/sdk/pico/pico-sdk/src/rp2_common/pico_malloc/pico_malloc.c.obj
LOAD CMakeFiles/LDR.dir/C_/RPPicoSDK/sdk/pico/pico-sdk/src/rp2_common/pico_mem_ops/mem_ops_aeabi.S.obj
LOAD CMakeFiles/LDR.dir/C_/RPPicoSDK/sdk/pico/pico-sdk/src/rp2_common/pico_standard_link/crt0.S.obj
LOAD CMakeFiles/LDR.dir/C_/RPPicoSDK/sdk/pico/pico-sdk/src/rp2_common/pico_standard_link/new_delete.cpp.obj
LOAD CMakeFiles/LDR.dir/C_/RPPicoSDK/sdk/pico/pico-sdk/src/rp2_common/pico_standard_link/binary_info.c.obj
LOAD CMakeFiles/LDR.dir/C_/RPPicoSDK/sdk/pico/pico-sdk/src/rp2_common/pico_stdio/stdio.c.obj
LOAD CMakeFiles/LDR.dir/C_/RPPicoSDK/sdk/pico/pico-sdk/src/rp2_common/pico_stdio_usb/reset_interface.c.obj
LOAD CMakeFiles/LDR.dir/C_/RPPicoSDK/sdk/pico/pico-sdk/src/rp2_common/pico_stdio_usb/stdio_usb.c.obj
LOAD CMakeFiles/LDR.dir/C_/RPPicoSDK/sdk/pico/pico-sdk/src/rp2_common/pico_stdio_usb/stdio_usb_descriptors.c.obj
LOAD CMakeFiles/LDR.dir/C_/RPPicoSDK/sdk/pico/pico-sdk/lib/tinyusb/src/portable/raspberrypi/rp2040/dcd_rp2040.c.obj
LOAD CMakeFiles/LDR.dir/C_/RPPicoSDK/sdk/pico/pico-sdk/lib/tinyusb/src/portable/raspberrypi/rp2040/rp2040_usb.c.obj
LOAD CMakeFiles/LDR.dir/C_/RPPicoSDK/sdk/pico/pico-sdk/lib/tinyusb/src/device/usbd.c.obj
LOAD CMakeFiles/LDR.dir/C_/RPPicoSDK/sdk/pico/pico-sdk/lib/tinyusb/src/device/usbd_control.c.obj
LOAD CMakeFiles/LDR.dir/C_/RPPicoSDK/sdk/pico/pico-sdk/lib/tinyusb/src/class/audio/audio_device.c.obj
LOAD CMakeFiles/LDR.dir/C_/RPPicoSDK/sdk/pico/pico-sdk/lib/tinyusb/src/class/cdc/cdc_device.c.obj
LOAD CMakeFiles/LDR.dir/C_/RPPicoSDK/sdk/pico/pico-sdk/lib/tinyusb/src/class/dfu/dfu_device.c.obj
LOAD CMakeFiles/LDR.dir/C_/RPPicoSDK/sdk/pico/pico-sdk/lib/tinyusb/src/class/dfu/dfu_rt_device.c.obj
LOAD CMakeFiles/LDR.dir/C_/RPPicoSDK/sdk/pico/pico-sdk/lib/tinyusb/src/class/hid/hid_device.c.obj
LOAD CMakeFiles/LDR.dir/C_/RPPicoSDK/sdk/pico/pico-sdk/lib/tinyusb/src/class/midi/midi_device.c.obj
LOAD CMakeFiles/LDR.dir/C_/RPPicoSDK/sdk/pico/pico-sdk/lib/tinyusb/src/class/msc/msc_device.c.obj
LOAD CMakeFiles/LDR.dir/C_/RPPicoSDK/sdk/pico/pico-sdk/lib/tinyusb/src/class/net/ecm_rndis_device.c.obj
LOAD CMakeFiles/LDR.dir/C_/RPPicoSDK/sdk/pico/pico-sdk/lib/tinyusb/src/class/net/ncm_device.c.obj
LOAD CMakeFiles/LDR.dir/C_/RPPicoSDK/sdk/pico/pico-sdk/lib/tinyusb/src/class/usbtmc/usbtmc_device.c.obj
LOAD CMakeFiles/LDR.dir/C_/RPPicoSDK/sdk/pico/pico-sdk/lib/tinyusb/src/class/vendor/vendor_device.c.obj
LOAD CMakeFiles/LDR.dir/C_/RPPicoSDK/sdk/pico/pico-sdk/lib/tinyusb/src/class/video/video_device.c.obj
LOAD CMakeFiles/LDR.dir/C_/RPPicoSDK/sdk/pico/pico-sdk/lib/tinyusb/src/tusb.c.obj
LOAD CMakeFiles/LDR.dir/C_/RPPicoSDK/sdk/pico/pico-sdk/lib/tinyusb/src/common/tusb_fifo.c.obj
LOAD CMakeFiles/LDR.dir/C_/RPPicoSDK/sdk/pico/pico-sdk/src/rp2_common/pico_fix/rp2040_usb_device_enumeration/rp2040_usb_device_enumeration.c.obj
LOAD CMakeFiles/LDR.dir/C_/RPPicoSDK/sdk/pico/pico-sdk/src/rp2_common/pico_unique_id/unique_id.c.obj
LOAD CMakeFiles/LDR.dir/C_/RPPicoSDK/sdk/pico/pico-sdk/src/rp2_common/hardware_flash/flash.c.obj
LOAD CMakeFiles/LDR.dir/C_/RPPicoSDK/sdk/pico/pico-sdk/src/rp2_common/hardware_adc/adc.c.obj
LOAD C:\Users\USER\AppData\Local\Temp\cc0v5hTH.o
LOAD c:/rppico~1/armcc/102021~1.10/bin/../lib/gcc/arm-none-eabi/10.3.1/../../../../arm-none-eabi/lib/thumb/v6-m/nofp\libstdc++.a
LOAD c:/rppico~1/armcc/102021~1.10/bin/../lib/gcc/arm-none-eabi/10.3.1/../../../../arm-none-eabi/lib/thumb/v6-m/nofp\libm.a
START GROUP
LOAD c:/rppico~1/armcc/102021~1.10/bin/../lib/gcc/arm-none-eabi/10.3.1/thumb/v6-m/nofp\libgcc.a
LOAD c:/rppico~1/armcc/102021~1.10/bin/../lib/gcc/arm-none-eabi/10.3.1/../../../../arm-none-eabi/lib/thumb/v6-m/nofp\libc.a
END GROUP
START GROUP
LOAD c:/rppico~1/armcc/102021~1.10/bin/../lib/gcc/arm-none-eabi/10.3.1/thumb/v6-m/nofp\libgcc.a
LOAD c:/rppico~1/armcc/102021~1.10/bin/../lib/gcc/arm-none-eabi/10.3.1/../../../../arm-none-eabi/lib/thumb/v6-m/nofp\libc.a
LOAD c:/rppico~1/armcc/102021~1.10/bin/../lib/gcc/arm-none-eabi/10.3.1/../../../../arm-none-eabi/lib/thumb/v6-m/nofp\libnosys.a
END GROUP
LOAD c:/rppico~1/armcc/102021~1.10/bin/../lib/gcc/arm-none-eabi/10.3.1/thumb/v6-m/nofp/crtend.o
LOAD c:/rppico~1/armcc/102021~1.10/bin/../lib/gcc/arm-none-eabi/10.3.1/thumb/v6-m/nofp/crtn.o
OUTPUT(LDR.elf elf32-littlearm)
LOAD linker stubs

.ARM.attributes
                0x00000000       0x28
 .ARM.attributes
                0x00000000       0x1e c:/rppico~1/armcc/102021~1.10/bin/../lib/gcc/arm-none-eabi/10.3.1/thumb/v6-m/nofp/crti.o
 .ARM.attributes
                0x0000001e       0x2c c:/rppico~1/armcc/102021~1.10/bin/../lib/gcc/arm-none-eabi/10.3.1/thumb/v6-m/nofp/crtbegin.o
 .ARM.attributes
                0x0000004a       0x2c CMakeFiles/LDR.dir/LDR.c.obj
 .ARM.attributes
                0x00000076       0x2c CMakeFiles/LDR.dir/C_/RPPicoSDK/sdk/pico/pico-sdk/src/rp2_common/hardware_gpio/gpio.c.obj
 .ARM.attributes
                0x000000a2       0x2c CMakeFiles/LDR.dir/C_/RPPicoSDK/sdk/pico/pico-sdk/src/rp2_common/hardware_claim/claim.c.obj
 .ARM.attributes
                0x000000ce       0x2c CMakeFiles/LDR.dir/C_/RPPicoSDK/sdk/pico/pico-sdk/src/rp2_common/pico_platform/platform.c.obj
 .ARM.attributes
                0x000000fa       0x2c CMakeFiles/LDR.dir/C_/RPPicoSDK/sdk/pico/pico-sdk/src/rp2_common/hardware_sync/sync.c.obj
 .ARM.attributes
                0x00000126       0x2c CMakeFiles/LDR.dir/C_/RPPicoSDK/sdk/pico/pico-sdk/src/common/pico_time/time.c.obj
 .ARM.attributes
                0x00000152       0x2c CMakeFiles/LDR.dir/C_/RPPicoSDK/sdk/pico/pico-sdk/src/rp2_common/hardware_timer/timer.c.obj
 .ARM.attributes
                0x0000017e       0x2c CMakeFiles/LDR.dir/C_/RPPicoSDK/sdk/pico/pico-sdk/src/common/pico_sync/lock_core.c.obj
 .ARM.attributes
                0x000001aa       0x2c CMakeFiles/LDR.dir/C_/RPPicoSDK/sdk/pico/pico-sdk/src/common/pico_sync/mutex.c.obj
 .ARM.attributes
                0x000001d6       0x2c CMakeFiles/LDR.dir/C_/RPPicoSDK/sdk/pico/pico-sdk/src/common/pico_sync/critical_section.c.obj
 .ARM.attributes
                0x00000202       0x2c CMakeFiles/LDR.dir/C_/RPPicoSDK/sdk/pico/pico-sdk/src/common/pico_util/pheap.c.obj
 .ARM.attributes
                0x0000022e       0x2c CMakeFiles/LDR.dir/C_/RPPicoSDK/sdk/pico/pico-sdk/src/rp2_common/pico_runtime/runtime.c.obj
 .ARM.attributes
                0x0000025a       0x2c CMakeFiles/LDR.dir/C_/RPPicoSDK/sdk/pico/pico-sdk/src/rp2_common/hardware_clocks/clocks.c.obj
 .ARM.attributes
                0x00000286       0x2c CMakeFiles/LDR.dir/C_/RPPicoSDK/sdk/pico/pico-sdk/src/rp2_common/hardware_irq/irq.c.obj
 .ARM.attributes
                0x000002b2       0x22 CMakeFiles/LDR.dir/C_/RPPicoSDK/sdk/pico/pico-sdk/src/rp2_common/hardware_irq/irq_handler_chain.S.obj
 .ARM.attributes
                0x000002d4       0x2c CMakeFiles/LDR.dir/C_/RPPicoSDK/sdk/pico/pico-sdk/src/rp2_common/hardware_pll/pll.c.obj
 .ARM.attributes
                0x00000300       0x2c CMakeFiles/LDR.dir/C_/RPPicoSDK/sdk/pico/pico-sdk/src/rp2_common/hardware_watchdog/watchdog.c.obj
 .ARM.attributes
                0x0000032c       0x2c CMakeFiles/LDR.dir/C_/RPPicoSDK/sdk/pico/pico-sdk/src/rp2_common/hardware_xosc/xosc.c.obj
 .ARM.attributes
                0x00000358       0x2c CMakeFiles/LDR.dir/C_/RPPicoSDK/sdk/pico/pico-sdk/src/rp2_common/pico_printf/printf.c.obj
 .ARM.attributes
                0x00000384       0x22 CMakeFiles/LDR.dir/C_/RPPicoSDK/sdk/pico/pico-sdk/src/rp2_common/pico_bit_ops/bit_ops_aeabi.S.obj
 .ARM.attributes
                0x000003a6       0x2c CMakeFiles/LDR.dir/C_/RPPicoSDK/sdk/pico/pico-sdk/src/rp2_common/pico_bootrom/bootrom.c.obj
 .ARM.attributes
                0x000003d2       0x22 CMakeFiles/LDR.dir/C_/RPPicoSDK/sdk/pico/pico-sdk/src/rp2_common/pico_divider/divider.S.obj
 .ARM.attributes
                0x000003f4       0x22 CMakeFiles/LDR.dir/C_/RPPicoSDK/sdk/pico/pico-sdk/src/rp2_common/pico_double/double_aeabi.S.obj
 .ARM.attributes
                0x00000416       0x2c CMakeFiles/LDR.dir/C_/RPPicoSDK/sdk/pico/pico-sdk/src/rp2_common/pico_double/double_init_rom.c.obj
 .ARM.attributes
                0x00000442       0x22 CMakeFiles/LDR.dir/C_/RPPicoSDK/sdk/pico/pico-sdk/src/rp2_common/pico_double/double_v1_rom_shim.S.obj
 .ARM.attributes
                0x00000464       0x22 CMakeFiles/LDR.dir/C_/RPPicoSDK/sdk/pico/pico-sdk/src/rp2_common/pico_int64_ops/pico_int64_ops_aeabi.S.obj
 .ARM.attributes
                0x00000486       0x22 CMakeFiles/LDR.dir/C_/RPPicoSDK/sdk/pico/pico-sdk/src/rp2_common/pico_float/float_aeabi.S.obj
 .ARM.attributes
                0x000004a8       0x2c CMakeFiles/LDR.dir/C_/RPPicoSDK/sdk/pico/pico-sdk/src/rp2_common/pico_float/float_init_rom.c.obj
 .ARM.attributes
                0x000004d4       0x22 CMakeFiles/LDR.dir/C_/RPPicoSDK/sdk/pico/pico-sdk/src/rp2_common/pico_float/float_v1_rom_shim.S.obj
 .ARM.attributes
                0x000004f6       0x22 CMakeFiles/LDR.dir/C_/RPPicoSDK/sdk/pico/pico-sdk/src/rp2_common/pico_mem_ops/mem_ops_aeabi.S.obj
 .ARM.attributes
                0x00000518       0x22 CMakeFiles/LDR.dir/C_/RPPicoSDK/sdk/pico/pico-sdk/src/rp2_common/pico_standard_link/crt0.S.obj
 .ARM.attributes
                0x0000053a       0x2c CMakeFiles/LDR.dir/C_/RPPicoSDK/sdk/pico/pico-sdk/src/rp2_common/pico_standard_link/binary_info.c.obj
 .ARM.attributes
                0x00000566       0x2c CMakeFiles/LDR.dir/C_/RPPicoSDK/sdk/pico/pico-sdk/src/rp2_common/pico_stdio/stdio.c.obj
 .ARM.attributes
                0x00000592       0x2c CMakeFiles/LDR.dir/C_/RPPicoSDK/sdk/pico/pico-sdk/src/rp2_common/pico_stdio_usb/reset_interface.c.obj
 .ARM.attributes
                0x000005be       0x2c CMakeFiles/LDR.dir/C_/RPPicoSDK/sdk/pico/pico-sdk/src/rp2_common/pico_stdio_usb/stdio_usb.c.obj
 .ARM.attributes
                0x000005ea       0x2c CMakeFiles/LDR.dir/C_/RPPicoSDK/sdk/pico/pico-sdk/src/rp2_common/pico_stdio_usb/stdio_usb_descriptors.c.obj
 .ARM.attributes
                0x00000616       0x2c CMakeFiles/LDR.dir/C_/RPPicoSDK/sdk/pico/pico-sdk/lib/tinyusb/src/portable/raspberrypi/rp2040/dcd_rp2040.c.obj
 .ARM.attributes
                0x00000642       0x2c CMakeFiles/LDR.dir/C_/RPPicoSDK/sdk/pico/pico-sdk/lib/tinyusb/src/portable/raspberrypi/rp2040/rp2040_usb.c.obj
 .ARM.attributes
                0x0000066e       0x2c CMakeFiles/LDR.dir/C_/RPPicoSDK/sdk/pico/pico-sdk/lib/tinyusb/src/device/usbd.c.obj
 .ARM.attributes
                0x0000069a       0x2c CMakeFiles/LDR.dir/C_/RPPicoSDK/sdk/pico/pico-sdk/lib/tinyusb/src/device/usbd_control.c.obj
 .ARM.attributes
                0x000006c6       0x2c CMakeFiles/LDR.dir/C_/RPPicoSDK/sdk/pico/pico-sdk/lib/tinyusb/src/class/cdc/cdc_device.c.obj
 .ARM.attributes
                0x000006f2       0x2c CMakeFiles/LDR.dir/C_/RPPicoSDK/sdk/pico/pico-sdk/lib/tinyusb/src/tusb.c.obj
 .ARM.attributes
                0x0000071e       0x2c CMakeFiles/LDR.dir/C_/RPPicoSDK/sdk/pico/pico-sdk/lib/tinyusb/src/common/tusb_fifo.c.obj
 .ARM.attributes
                0x0000074a       0x2c CMakeFiles/LDR.dir/C_/RPPicoSDK/sdk/pico/pico-sdk/src/rp2_common/pico_unique_id/unique_id.c.obj
 .ARM.attributes
                0x00000776       0x2c CMakeFiles/LDR.dir/C_/RPPicoSDK/sdk/pico/pico-sdk/src/rp2_common/hardware_flash/flash.c.obj
 .ARM.attributes
                0x000007a2       0x2c CMakeFiles/LDR.dir/C_/RPPicoSDK/sdk/pico/pico-sdk/src/rp2_common/hardware_adc/adc.c.obj
 .ARM.attributes
                0x000007ce       0x22 C:\Users\USER\AppData\Local\Temp\cc0v5hTH.o
 .ARM.attributes
                0x000007f0       0x1e c:/rppico~1/armcc/102021~1.10/bin/../lib/gcc/arm-none-eabi/10.3.1/thumb/v6-m/nofp\libgcc.a(_dvmd_tls.o)
 .ARM.attributes
                0x0000080e       0x2c c:/rppico~1/armcc/102021~1.10/bin/../lib/gcc/arm-none-eabi/10.3.1/../../../../arm-none-eabi/lib/thumb/v6-m/nofp\libc.a(lib_a-strlen-stub.o)

.comment        0x00000000       0x49
 .comment       0x00000000       0x49 CMakeFiles/LDR.dir/LDR.c.obj
                                 0x4a (size before relaxing)
 .comment       0x00000049       0x4a CMakeFiles/LDR.dir/C_/RPPicoSDK/sdk/pico/pico-sdk/src/rp2_common/hardware_gpio/gpio.c.obj
 .comment       0x00000049       0x4a CMakeFiles/LDR.dir/C_/RPPicoSDK/sdk/pico/pico-sdk/src/rp2_common/hardware_claim/claim.c.obj
 .comment       0x00000049       0x4a CMakeFiles/LDR.dir/C_/RPPicoSDK/sdk/pico/pico-sdk/src/rp2_common/pico_platform/platform.c.obj
 .comment       0x00000049       0x4a CMakeFiles/LDR.dir/C_/RPPicoSDK/sdk/pico/pico-sdk/src/rp2_common/hardware_sync/sync.c.obj
 .comment       0x00000049       0x4a CMakeFiles/LDR.dir/C_/RPPicoSDK/sdk/pico/pico-sdk/src/common/pico_time/time.c.obj
 .comment       0x00000049       0x4a CMakeFiles/LDR.dir/C_/RPPicoSDK/sdk/pico/pico-sdk/src/rp2_common/hardware_timer/timer.c.obj
 .comment       0x00000049       0x4a CMakeFiles/LDR.dir/C_/RPPicoSDK/sdk/pico/pico-sdk/src/common/pico_sync/lock_core.c.obj
 .comment       0x00000049       0x4a CMakeFiles/LDR.dir/C_/RPPicoSDK/sdk/pico/pico-sdk/src/common/pico_sync/mutex.c.obj
 .comment       0x00000049       0x4a CMakeFiles/LDR.dir/C_/RPPicoSDK/sdk/pico/pico-sdk/src/common/pico_sync/critical_section.c.obj
 .comment       0x00000049       0x4a CMakeFiles/LDR.dir/C_/RPPicoSDK/sdk/pico/pico-sdk/src/common/pico_util/pheap.c.obj
 .comment       0x00000049       0x4a CMakeFiles/LDR.dir/C_/RPPicoSDK/sdk/pico/pico-sdk/src/rp2_common/pico_runtime/runtime.c.obj
 .comment       0x00000049       0x4a CMakeFiles/LDR.dir/C_/RPPicoSDK/sdk/pico/pico-sdk/src/rp2_common/hardware_clocks/clocks.c.obj
 .comment       0x00000049       0x4a CMakeFiles/LDR.dir/C_/RPPicoSDK/sdk/pico/pico-sdk/src/rp2_common/hardware_irq/irq.c.obj
 .comment       0x00000049       0x4a CMakeFiles/LDR.dir/C_/RPPicoSDK/sdk/pico/pico-sdk/src/rp2_common/hardware_pll/pll.c.obj
 .comment       0x00000049       0x4a CMakeFiles/LDR.dir/C_/RPPicoSDK/sdk/pico/pico-sdk/src/rp2_common/hardware_watchdog/watchdog.c.obj
 .comment       0x00000049       0x4a CMakeFiles/LDR.dir/C_/RPPicoSDK/sdk/pico/pico-sdk/src/rp2_common/hardware_xosc/xosc.c.obj
 .comment       0x00000049       0x4a CMakeFiles/LDR.dir/C_/RPPicoSDK/sdk/pico/pico-sdk/src/rp2_common/pico_printf/printf.c.obj
 .comment       0x00000049       0x4a CMakeFiles/LDR.dir/C_/RPPicoSDK/sdk/pico/pico-sdk/src/rp2_common/pico_bootrom/bootrom.c.obj
 .comment       0x00000049       0x4a CMakeFiles/LDR.dir/C_/RPPicoSDK/sdk/pico/pico-sdk/src/rp2_common/pico_double/double_init_rom.c.obj
 .comment       0x00000049       0x4a CMakeFiles/LDR.dir/C_/RPPicoSDK/sdk/pico/pico-sdk/src/rp2_common/pico_float/float_init_rom.c.obj
 .comment       0x00000049       0x4a CMakeFiles/LDR.dir/C_/RPPicoSDK/sdk/pico/pico-sdk/src/rp2_common/pico_standard_link/binary_info.c.obj
 .comment       0x00000049       0x4a CMakeFiles/LDR.dir/C_/RPPicoSDK/sdk/pico/pico-sdk/src/rp2_common/pico_stdio/stdio.c.obj
 .comment       0x00000049       0x4a CMakeFiles/LDR.dir/C_/RPPicoSDK/sdk/pico/pico-sdk/src/rp2_common/pico_stdio_usb/reset_interface.c.obj
 .comment       0x00000049       0x4a CMakeFiles/LDR.dir/C_/RPPicoSDK/sdk/pico/pico-sdk/src/rp2_common/pico_stdio_usb/stdio_usb.c.obj
 .comment       0x00000049       0x4a CMakeFiles/LDR.dir/C_/RPPicoSDK/sdk/pico/pico-sdk/src/rp2_common/pico_stdio_usb/stdio_usb_descriptors.c.obj
 .comment       0x00000049       0x4a CMakeFiles/LDR.dir/C_/RPPicoSDK/sdk/pico/pico-sdk/lib/tinyusb/src/portable/raspberrypi/rp2040/dcd_rp2040.c.obj
 .comment       0x00000049       0x4a CMakeFiles/LDR.dir/C_/RPPicoSDK/sdk/pico/pico-sdk/lib/tinyusb/src/portable/raspberrypi/rp2040/rp2040_usb.c.obj
 .comment       0x00000049       0x4a CMakeFiles/LDR.dir/C_/RPPicoSDK/sdk/pico/pico-sdk/lib/tinyusb/src/device/usbd.c.obj
 .comment       0x00000049       0x4a CMakeFiles/LDR.dir/C_/RPPicoSDK/sdk/pico/pico-sdk/lib/tinyusb/src/device/usbd_control.c.obj
 .comment       0x00000049       0x4a CMakeFiles/LDR.dir/C_/RPPicoSDK/sdk/pico/pico-sdk/lib/tinyusb/src/class/cdc/cdc_device.c.obj
 .comment       0x00000049       0x4a CMakeFiles/LDR.dir/C_/RPPicoSDK/sdk/pico/pico-sdk/lib/tinyusb/src/tusb.c.obj
 .comment       0x00000049       0x4a CMakeFiles/LDR.dir/C_/RPPicoSDK/sdk/pico/pico-sdk/lib/tinyusb/src/common/tusb_fifo.c.obj
 .comment       0x00000049       0x4a CMakeFiles/LDR.dir/C_/RPPicoSDK/sdk/pico/pico-sdk/src/rp2_common/pico_unique_id/unique_id.c.obj
 .comment       0x00000049       0x4a CMakeFiles/LDR.dir/C_/RPPicoSDK/sdk/pico/pico-sdk/src/rp2_common/hardware_flash/flash.c.obj
 .comment       0x00000049       0x4a CMakeFiles/LDR.dir/C_/RPPicoSDK/sdk/pico/pico-sdk/src/rp2_common/hardware_adc/adc.c.obj

.debug_frame    0x00000000       0x28
 .debug_frame   0x00000000       0x28 c:/rppico~1/armcc/102021~1.10/bin/../lib/gcc/arm-none-eabi/10.3.1/../../../../arm-none-eabi/lib/thumb/v6-m/nofp\libc.a(lib_a-strlen-stub.o)
